###############################################################################
#
# IAR ELF Linker V8.20.1.14183/W32 for ARM                14/Mar/2018  21:43:21
# Copyright 2007-2017 IAR Systems AB.
#
#    Output file  =  
#        C:\Users\Jaden\Desktop\NTU Stuff\Embedded
#        OS\CE4053(Orignal)\ce4053\Micrium\Software\EvalBoards\TI\LM3S9B92-EVALBOT\IAR\uCOS-III-CE4053_PG\Flash\Exe\uCOS-III-Ex4.out
#    Map file     =  
#        C:\Users\Jaden\Desktop\NTU Stuff\Embedded
#        OS\CE4053(Orignal)\ce4053\Micrium\Software\EvalBoards\TI\LM3S9B92-EVALBOT\IAR\uCOS-III-CE4053_PG\Flash\List\uCOS-III-Ex4.map
#    Command line =  
#        -f C:\Users\Jaden\AppData\Local\Temp\EWABB5.tmp
#        ("C:\Users\Jaden\Desktop\NTU Stuff\Embedded
#        OS\CE4053(Orignal)\ce4053\Micrium\Software\EvalBoards\TI\LM3S9B92-EVALBOT\IAR\uCOS-III-CE4053_PG\Flash\Obj\adc.o"
#        "C:\Users\Jaden\Desktop\NTU Stuff\Embedded
#        OS\CE4053(Orignal)\ce4053\Micrium\Software\EvalBoards\TI\LM3S9B92-EVALBOT\IAR\uCOS-III-CE4053_PG\Flash\Obj\app.o"
#        "C:\Users\Jaden\Desktop\NTU Stuff\Embedded
#        OS\CE4053(Orignal)\ce4053\Micrium\Software\EvalBoards\TI\LM3S9B92-EVALBOT\IAR\uCOS-III-CE4053_PG\Flash\Obj\app_vect.o"
#        "C:\Users\Jaden\Desktop\NTU Stuff\Embedded
#        OS\CE4053(Orignal)\ce4053\Micrium\Software\EvalBoards\TI\LM3S9B92-EVALBOT\IAR\uCOS-III-CE4053_PG\Flash\Obj\avl.o"
#        "C:\Users\Jaden\Desktop\NTU Stuff\Embedded
#        OS\CE4053(Orignal)\ce4053\Micrium\Software\EvalBoards\TI\LM3S9B92-EVALBOT\IAR\uCOS-III-CE4053_PG\Flash\Obj\bsp.o"
#        "C:\Users\Jaden\Desktop\NTU Stuff\Embedded
#        OS\CE4053(Orignal)\ce4053\Micrium\Software\EvalBoards\TI\LM3S9B92-EVALBOT\IAR\uCOS-III-CE4053_PG\Flash\Obj\bsp_dac.o"
#        "C:\Users\Jaden\Desktop\NTU Stuff\Embedded
#        OS\CE4053(Orignal)\ce4053\Micrium\Software\EvalBoards\TI\LM3S9B92-EVALBOT\IAR\uCOS-III-CE4053_PG\Flash\Obj\bsp_display.o"
#        "C:\Users\Jaden\Desktop\NTU Stuff\Embedded
#        OS\CE4053(Orignal)\ce4053\Micrium\Software\EvalBoards\TI\LM3S9B92-EVALBOT\IAR\uCOS-III-CE4053_PG\Flash\Obj\bsp_int.o"
#        "C:\Users\Jaden\Desktop\NTU Stuff\Embedded
#        OS\CE4053(Orignal)\ce4053\Micrium\Software\EvalBoards\TI\LM3S9B92-EVALBOT\IAR\uCOS-III-CE4053_PG\Flash\Obj\bsp_io.o"
#        "C:\Users\Jaden\Desktop\NTU Stuff\Embedded
#        OS\CE4053(Orignal)\ce4053\Micrium\Software\EvalBoards\TI\LM3S9B92-EVALBOT\IAR\uCOS-III-CE4053_PG\Flash\Obj\bsp_motor.o"
#        "C:\Users\Jaden\Desktop\NTU Stuff\Embedded
#        OS\CE4053(Orignal)\ce4053\Micrium\Software\EvalBoards\TI\LM3S9B92-EVALBOT\IAR\uCOS-III-CE4053_PG\Flash\Obj\bsp_sensors.o"
#        "C:\Users\Jaden\Desktop\NTU Stuff\Embedded
#        OS\CE4053(Orignal)\ce4053\Micrium\Software\EvalBoards\TI\LM3S9B92-EVALBOT\IAR\uCOS-III-CE4053_PG\Flash\Obj\can.o"
#        "C:\Users\Jaden\Desktop\NTU Stuff\Embedded
#        OS\CE4053(Orignal)\ce4053\Micrium\Software\EvalBoards\TI\LM3S9B92-EVALBOT\IAR\uCOS-III-CE4053_PG\Flash\Obj\comp.o"
#        "C:\Users\Jaden\Desktop\NTU Stuff\Embedded
#        OS\CE4053(Orignal)\ce4053\Micrium\Software\EvalBoards\TI\LM3S9B92-EVALBOT\IAR\uCOS-III-CE4053_PG\Flash\Obj\cpu_.o"
#        "C:\Users\Jaden\Desktop\NTU Stuff\Embedded
#        OS\CE4053(Orignal)\ce4053\Micrium\Software\EvalBoards\TI\LM3S9B92-EVALBOT\IAR\uCOS-III-CE4053_PG\Flash\Obj\cpu_a.o"
#        "C:\Users\Jaden\Desktop\NTU Stuff\Embedded
#        OS\CE4053(Orignal)\ce4053\Micrium\Software\EvalBoards\TI\LM3S9B92-EVALBOT\IAR\uCOS-III-CE4053_PG\Flash\Obj\cpu_bsp.o"
#        "C:\Users\Jaden\Desktop\NTU Stuff\Embedded
#        OS\CE4053(Orignal)\ce4053\Micrium\Software\EvalBoards\TI\LM3S9B92-EVALBOT\IAR\uCOS-III-CE4053_PG\Flash\Obj\cpu_c.o"
#        "C:\Users\Jaden\Desktop\NTU Stuff\Embedded
#        OS\CE4053(Orignal)\ce4053\Micrium\Software\EvalBoards\TI\LM3S9B92-EVALBOT\IAR\uCOS-III-CE4053_PG\Flash\Obj\cpu_core.o"
#        "C:\Users\Jaden\Desktop\NTU Stuff\Embedded
#        OS\CE4053(Orignal)\ce4053\Micrium\Software\EvalBoards\TI\LM3S9B92-EVALBOT\IAR\uCOS-III-CE4053_PG\Flash\Obj\epi.o"
#        "C:\Users\Jaden\Desktop\NTU Stuff\Embedded
#        OS\CE4053(Orignal)\ce4053\Micrium\Software\EvalBoards\TI\LM3S9B92-EVALBOT\IAR\uCOS-III-CE4053_PG\Flash\Obj\ethernet.o"
#        "C:\Users\Jaden\Desktop\NTU Stuff\Embedded
#        OS\CE4053(Orignal)\ce4053\Micrium\Software\EvalBoards\TI\LM3S9B92-EVALBOT\IAR\uCOS-III-CE4053_PG\Flash\Obj\fatfs.o"
#        "C:\Users\Jaden\Desktop\NTU Stuff\Embedded
#        OS\CE4053(Orignal)\ce4053\Micrium\Software\EvalBoards\TI\LM3S9B92-EVALBOT\IAR\uCOS-III-CE4053_PG\Flash\Obj\flash.o"
#        "C:\Users\Jaden\Desktop\NTU Stuff\Embedded
#        OS\CE4053(Orignal)\ce4053\Micrium\Software\EvalBoards\TI\LM3S9B92-EVALBOT\IAR\uCOS-III-CE4053_PG\Flash\Obj\gpio.o"
#        "C:\Users\Jaden\Desktop\NTU Stuff\Embedded
#        OS\CE4053(Orignal)\ce4053\Micrium\Software\EvalBoards\TI\LM3S9B92-EVALBOT\IAR\uCOS-III-CE4053_PG\Flash\Obj\heap.o"
#        "C:\Users\Jaden\Desktop\NTU Stuff\Embedded
#        OS\CE4053(Orignal)\ce4053\Micrium\Software\EvalBoards\TI\LM3S9B92-EVALBOT\IAR\uCOS-III-CE4053_PG\Flash\Obj\hibernate.o"
#        "C:\Users\Jaden\Desktop\NTU Stuff\Embedded
#        OS\CE4053(Orignal)\ce4053\Micrium\Software\EvalBoards\TI\LM3S9B92-EVALBOT\IAR\uCOS-III-CE4053_PG\Flash\Obj\i2c.o"
#        "C:\Users\Jaden\Desktop\NTU Stuff\Embedded
#        OS\CE4053(Orignal)\ce4053\Micrium\Software\EvalBoards\TI\LM3S9B92-EVALBOT\IAR\uCOS-III-CE4053_PG\Flash\Obj\i2s.o"
#        "C:\Users\Jaden\Desktop\NTU Stuff\Embedded
#        OS\CE4053(Orignal)\ce4053\Micrium\Software\EvalBoards\TI\LM3S9B92-EVALBOT\IAR\uCOS-III-CE4053_PG\Flash\Obj\interrupt.o"
#        "C:\Users\Jaden\Desktop\NTU Stuff\Embedded
#        OS\CE4053(Orignal)\ce4053\Micrium\Software\EvalBoards\TI\LM3S9B92-EVALBOT\IAR\uCOS-III-CE4053_PG\Flash\Obj\lib_ascii.o"
#        "C:\Users\Jaden\Desktop\NTU Stuff\Embedded
#        OS\CE4053(Orignal)\ce4053\Micrium\Software\EvalBoards\TI\LM3S9B92-EVALBOT\IAR\uCOS-III-CE4053_PG\Flash\Obj\lib_math.o"
#        "C:\Users\Jaden\Desktop\NTU Stuff\Embedded
#        OS\CE4053(Orignal)\ce4053\Micrium\Software\EvalBoards\TI\LM3S9B92-EVALBOT\IAR\uCOS-III-CE4053_PG\Flash\Obj\lib_mem.o"
#        "C:\Users\Jaden\Desktop\NTU Stuff\Embedded
#        OS\CE4053(Orignal)\ce4053\Micrium\Software\EvalBoards\TI\LM3S9B92-EVALBOT\IAR\uCOS-III-CE4053_PG\Flash\Obj\lib_str.o"
#        "C:\Users\Jaden\Desktop\NTU Stuff\Embedded
#        OS\CE4053(Orignal)\ce4053\Micrium\Software\EvalBoards\TI\LM3S9B92-EVALBOT\IAR\uCOS-III-CE4053_PG\Flash\Obj\microsd.o"
#        "C:\Users\Jaden\Desktop\NTU Stuff\Embedded
#        OS\CE4053(Orignal)\ce4053\Micrium\Software\EvalBoards\TI\LM3S9B92-EVALBOT\IAR\uCOS-III-CE4053_PG\Flash\Obj\mpu.o"
#        "C:\Users\Jaden\Desktop\NTU Stuff\Embedded
#        OS\CE4053(Orignal)\ce4053\Micrium\Software\EvalBoards\TI\LM3S9B92-EVALBOT\IAR\uCOS-III-CE4053_PG\Flash\Obj\os_app_hooks.o"
#        "C:\Users\Jaden\Desktop\NTU Stuff\Embedded
#        OS\CE4053(Orignal)\ce4053\Micrium\Software\EvalBoards\TI\LM3S9B92-EVALBOT\IAR\uCOS-III-CE4053_PG\Flash\Obj\os_cfg_app.o"
#        "C:\Users\Jaden\Desktop\NTU Stuff\Embedded
#        OS\CE4053(Orignal)\ce4053\Micrium\Software\EvalBoards\TI\LM3S9B92-EVALBOT\IAR\uCOS-III-CE4053_PG\Flash\Obj\os_core.o"
#        "C:\Users\Jaden\Desktop\NTU Stuff\Embedded
#        OS\CE4053(Orignal)\ce4053\Micrium\Software\EvalBoards\TI\LM3S9B92-EVALBOT\IAR\uCOS-III-CE4053_PG\Flash\Obj\os_cpu_a.o"
#        "C:\Users\Jaden\Desktop\NTU Stuff\Embedded
#        OS\CE4053(Orignal)\ce4053\Micrium\Software\EvalBoards\TI\LM3S9B92-EVALBOT\IAR\uCOS-III-CE4053_PG\Flash\Obj\os_cpu_c.o"
#        "C:\Users\Jaden\Desktop\NTU Stuff\Embedded
#        OS\CE4053(Orignal)\ce4053\Micrium\Software\EvalBoards\TI\LM3S9B92-EVALBOT\IAR\uCOS-III-CE4053_PG\Flash\Obj\os_dbg.o"
#        "C:\Users\Jaden\Desktop\NTU Stuff\Embedded
#        OS\CE4053(Orignal)\ce4053\Micrium\Software\EvalBoards\TI\LM3S9B92-EVALBOT\IAR\uCOS-III-CE4053_PG\Flash\Obj\os_flag.o"
#        "C:\Users\Jaden\Desktop\NTU Stuff\Embedded
#        OS\CE4053(Orignal)\ce4053\Micrium\Software\EvalBoards\TI\LM3S9B92-EVALBOT\IAR\uCOS-III-CE4053_PG\Flash\Obj\os_int.o"
#        "C:\Users\Jaden\Desktop\NTU Stuff\Embedded
#        OS\CE4053(Orignal)\ce4053\Micrium\Software\EvalBoards\TI\LM3S9B92-EVALBOT\IAR\uCOS-III-CE4053_PG\Flash\Obj\os_mem.o"
#        "C:\Users\Jaden\Desktop\NTU Stuff\Embedded
#        OS\CE4053(Orignal)\ce4053\Micrium\Software\EvalBoards\TI\LM3S9B92-EVALBOT\IAR\uCOS-III-CE4053_PG\Flash\Obj\os_msg.o"
#        "C:\Users\Jaden\Desktop\NTU Stuff\Embedded
#        OS\CE4053(Orignal)\ce4053\Micrium\Software\EvalBoards\TI\LM3S9B92-EVALBOT\IAR\uCOS-III-CE4053_PG\Flash\Obj\os_mutex.o"
#        "C:\Users\Jaden\Desktop\NTU Stuff\Embedded
#        OS\CE4053(Orignal)\ce4053\Micrium\Software\EvalBoards\TI\LM3S9B92-EVALBOT\IAR\uCOS-III-CE4053_PG\Flash\Obj\os_pend_multi.o"
#        "C:\Users\Jaden\Desktop\NTU Stuff\Embedded
#        OS\CE4053(Orignal)\ce4053\Micrium\Software\EvalBoards\TI\LM3S9B92-EVALBOT\IAR\uCOS-III-CE4053_PG\Flash\Obj\os_prio.o"
#        "C:\Users\Jaden\Desktop\NTU Stuff\Embedded
#        OS\CE4053(Orignal)\ce4053\Micrium\Software\EvalBoards\TI\LM3S9B92-EVALBOT\IAR\uCOS-III-CE4053_PG\Flash\Obj\os_q.o"
#        "C:\Users\Jaden\Desktop\NTU Stuff\Embedded
#        OS\CE4053(Orignal)\ce4053\Micrium\Software\EvalBoards\TI\LM3S9B92-EVALBOT\IAR\uCOS-III-CE4053_PG\Flash\Obj\os_sem.o"
#        "C:\Users\Jaden\Desktop\NTU Stuff\Embedded
#        OS\CE4053(Orignal)\ce4053\Micrium\Software\EvalBoards\TI\LM3S9B92-EVALBOT\IAR\uCOS-III-CE4053_PG\Flash\Obj\os_stat.o"
#        "C:\Users\Jaden\Desktop\NTU Stuff\Embedded
#        OS\CE4053(Orignal)\ce4053\Micrium\Software\EvalBoards\TI\LM3S9B92-EVALBOT\IAR\uCOS-III-CE4053_PG\Flash\Obj\os_task.o"
#        "C:\Users\Jaden\Desktop\NTU Stuff\Embedded
#        OS\CE4053(Orignal)\ce4053\Micrium\Software\EvalBoards\TI\LM3S9B92-EVALBOT\IAR\uCOS-III-CE4053_PG\Flash\Obj\os_tick.o"
#        "C:\Users\Jaden\Desktop\NTU Stuff\Embedded
#        OS\CE4053(Orignal)\ce4053\Micrium\Software\EvalBoards\TI\LM3S9B92-EVALBOT\IAR\uCOS-III-CE4053_PG\Flash\Obj\os_time.o"
#        "C:\Users\Jaden\Desktop\NTU Stuff\Embedded
#        OS\CE4053(Orignal)\ce4053\Micrium\Software\EvalBoards\TI\LM3S9B92-EVALBOT\IAR\uCOS-III-CE4053_PG\Flash\Obj\os_tmr.o"
#        "C:\Users\Jaden\Desktop\NTU Stuff\Embedded
#        OS\CE4053(Orignal)\ce4053\Micrium\Software\EvalBoards\TI\LM3S9B92-EVALBOT\IAR\uCOS-III-CE4053_PG\Flash\Obj\os_var.o"
#        "C:\Users\Jaden\Desktop\NTU Stuff\Embedded
#        OS\CE4053(Orignal)\ce4053\Micrium\Software\EvalBoards\TI\LM3S9B92-EVALBOT\IAR\uCOS-III-CE4053_PG\Flash\Obj\pwm.o"
#        "C:\Users\Jaden\Desktop\NTU Stuff\Embedded
#        OS\CE4053(Orignal)\ce4053\Micrium\Software\EvalBoards\TI\LM3S9B92-EVALBOT\IAR\uCOS-III-CE4053_PG\Flash\Obj\qei.o"
#        "C:\Users\Jaden\Desktop\NTU Stuff\Embedded
#        OS\CE4053(Orignal)\ce4053\Micrium\Software\EvalBoards\TI\LM3S9B92-EVALBOT\IAR\uCOS-III-CE4053_PG\Flash\Obj\recTask.o"
#        "C:\Users\Jaden\Desktop\NTU Stuff\Embedded
#        OS\CE4053(Orignal)\ce4053\Micrium\Software\EvalBoards\TI\LM3S9B92-EVALBOT\IAR\uCOS-III-CE4053_PG\Flash\Obj\ssi.o"
#        "C:\Users\Jaden\Desktop\NTU Stuff\Embedded
#        OS\CE4053(Orignal)\ce4053\Micrium\Software\EvalBoards\TI\LM3S9B92-EVALBOT\IAR\uCOS-III-CE4053_PG\Flash\Obj\sysctl.o"
#        "C:\Users\Jaden\Desktop\NTU Stuff\Embedded
#        OS\CE4053(Orignal)\ce4053\Micrium\Software\EvalBoards\TI\LM3S9B92-EVALBOT\IAR\uCOS-III-CE4053_PG\Flash\Obj\systick.o"
#        "C:\Users\Jaden\Desktop\NTU Stuff\Embedded
#        OS\CE4053(Orignal)\ce4053\Micrium\Software\EvalBoards\TI\LM3S9B92-EVALBOT\IAR\uCOS-III-CE4053_PG\Flash\Obj\timer.o"
#        "C:\Users\Jaden\Desktop\NTU Stuff\Embedded
#        OS\CE4053(Orignal)\ce4053\Micrium\Software\EvalBoards\TI\LM3S9B92-EVALBOT\IAR\uCOS-III-CE4053_PG\Flash\Obj\uart.o"
#        "C:\Users\Jaden\Desktop\NTU Stuff\Embedded
#        OS\CE4053(Orignal)\ce4053\Micrium\Software\EvalBoards\TI\LM3S9B92-EVALBOT\IAR\uCOS-III-CE4053_PG\Flash\Obj\udma.o"
#        "C:\Users\Jaden\Desktop\NTU Stuff\Embedded
#        OS\CE4053(Orignal)\ce4053\Micrium\Software\EvalBoards\TI\LM3S9B92-EVALBOT\IAR\uCOS-III-CE4053_PG\Flash\Obj\usb.o"
#        "C:\Users\Jaden\Desktop\NTU Stuff\Embedded
#        OS\CE4053(Orignal)\ce4053\Micrium\Software\EvalBoards\TI\LM3S9B92-EVALBOT\IAR\uCOS-III-CE4053_PG\Flash\Obj\watchdog.o"
#        --redirect _Printf=_PrintfFull --redirect _Scanf=_ScanfFull -o
#        "C:\Users\Jaden\Desktop\NTU Stuff\Embedded
#        OS\CE4053(Orignal)\ce4053\Micrium\Software\EvalBoards\TI\LM3S9B92-EVALBOT\IAR\uCOS-III-CE4053_PG\Flash\Exe\uCOS-III-Ex4.out"
#        --map "C:\Users\Jaden\Desktop\NTU Stuff\Embedded
#        OS\CE4053(Orignal)\ce4053\Micrium\Software\EvalBoards\TI\LM3S9B92-EVALBOT\IAR\uCOS-III-CE4053_PG\Flash\List\uCOS-III-Ex4.map"
#        --config "C:\Users\Jaden\Desktop\NTU Stuff\Embedded
#        OS\CE4053(Orignal)\ce4053\Micrium\Software\EvalBoards\TI\LM3S9B92-EVALBOT\IAR\uCOS-III-CE4053_PG\..\BSP\LM3S9B92_Flash.icf"
#        --semihosting --entry __iar_program_start --vfe --text_out locale)
#
###############################################################################

*******************************************************************************
*** MESSAGES
***

Warning[Lt009]: Inconsistent wchar_t size
            adc.o and 22 other objects have wchar_t size 16 bits
            app.o and 102 other objects, some of them in dl7M_tlf.a and 20
                      other libraries have wchar_t size 32 bits


*******************************************************************************
*** RUNTIME MODEL ATTRIBUTES
***

CppFlavor       = *
__Heap_Handler  = Basic
__SystemLibrary = DLib
__dlib_version  = 6


*******************************************************************************
*** HEAP SELECTION
***

The basic heap was selected because some modules are built with
size limitations (and not runtime checking), and --advanced_heap
was not specified.


*******************************************************************************
*** PLACEMENT SUMMARY
***

"A0":  place at start of [from 0x00000000 to 0x0003ffff] { ro section .intvec };
"P1":  place in [from 0x00000000 to 0x0003ffff] { ro };
"P2":  place in [from 0x00000000 to 0x0003ffff] { section wave_1 };
"P3":  place in [from 0x00000000 to 0x0003ffff] { section wave_2 };
"P4":  place in [from 0x00000000 to 0x0003ffff] { section wave_3 };
"P5":  place in [from 0x00000000 to 0x0003ffff] { section wave_4 };
"P6":  place in [from 0x00000000 to 0x0003ffff] { section wave_5 };
define block HEAP with size = 0M, alignment = 8 { };
define block CSTACK with size = 1K, alignment = 8 { };
"P7":  place in [from 0x20000000 to 0x20017fff] {
          rw, block HEAP, block CSTACK };
initialize by copy { rw };

No sections matched the following patterns:

  section wave_1  in "P1-P6"
  section wave_2  in "P1-P6"
  section wave_3  in "P1-P6"
  section wave_4  in "P1-P6"
  section wave_5  in "P1-P6"


  Section            Kind        Address    Size  Object
  -------            ----        -------    ----  ------
"A0":                                      0x11c
  .intvec            const    0x00000000   0x11c  app_vect.o [1]
                            - 0x0000011c   0x11c

"P1-P6":                                  0x6d25
  .text              ro code  0x0000011c   0xf4e  xprintffull.o [3]
  .text              ro code  0x0000106a    0x7a  lz77_init_single.o [5]
  .text              ro code  0x000010e4    0x78  xlocale_c.o [3]
  .text              ro code  0x0000115c    0x16  strchr.o [5]
  .text              ro code  0x00001172    0x1e  xencoding_8859_1.o [3]
  .text              ro code  0x00001190    0x44  xfail_s.o [3]
  .text              ro code  0x000011d4    0x36  strlen.o [5]
  .rodata            const    0x0000120a     0x2  os_cfg_app.o [1]
  .text              ro code  0x0000120c    0x58  memchr.o [5]
  .text              ro code  0x00001264     0xa  xmbcurmax.o [3]
  .rodata            const    0x0000126e     0x2  os_cfg_app.o [1]
  .text              ro code  0x00001270    0xa6  ABImemcpy.o [5]
  .rodata            const    0x00001316     0x2  os_cfg_app.o [1]
  .text              ro code  0x00001318   0x22e  I64DivMod.o [5]
  .rodata            const    0x00001546     0x2  os_dbg.o [1]
  .text              ro code  0x00001548   0x1a2  DblMul.o [4]
  .rodata            const    0x000016ea     0x2  os_dbg.o [1]
  .text              ro code  0x000016ec    0x70  frexp.o [4]
  .text              ro code  0x0000175c    0x2e  DblCmpLe.o [4]
  .rodata            const    0x0000178a     0x2  os_dbg.o [1]
  .text              ro code  0x0000178c    0x2e  DblCmpGe.o [4]
  .rodata            const    0x000017ba     0x2  os_dbg.o [1]
  .text              ro code  0x000017bc   0x13a  ldexp.o [4]
  .rodata            const    0x000018f6     0x2  os_dbg.o [1]
  .text              ro code  0x000018f8    0x3a  DblToS32.o [4]
  .rodata            const    0x00001932     0x2  os_dbg.o [1]
  .text              ro code  0x00001934    0x22  S32ToDbl.o [4]
  .rodata            const    0x00001956     0x2  os_dbg.o [1]
  .text              ro code  0x00001958    0xe2  DblSub.o [4]
  .rodata            const    0x00001a3a     0x2  os_dbg.o [1]
  .text              ro code  0x00001a3c   0x246  DblDiv.o [4]
  .rodata            const    0x00001c82     0x2  os_dbg.o [1]
  .text              ro code  0x00001c84    0x28  DblToU32.o [4]
  .text              ro code  0x00001cac    0x1a  U32ToDbl.o [4]
  .text              ro code  0x00001cc6     0x6  abort.o [3]
  .text              ro code  0x00001ccc     0x2  I64DivZer.o [5]
  .rodata            const    0x00001cce     0x2  os_dbg.o [1]
  .text              ro code  0x00001cd0   0x168  DblAdd.o [4]
  .text              ro code  0x00001e38    0x14  exit.o [6]
  .text              ro code  0x00001e4c    0x7c  iarttio.o [6]
  .text              ro code  0x00001ec8    0x3c  XShttio.o [3]
  .text              ro code  0x00001f04   0x90a  os_core.o [1]
  .rodata            const    0x0000280e     0x2  os_dbg.o [1]
  .text              ro code  0x00002810   0x154  os_cpu_c.o [1]
  .text              ro code  0x00002964    0x90  os_prio.o [1]
  .text              ro code  0x000029f4   0x5cc  os_task.o [1]
  .text              ro code  0x00002fc0   0x3d8  os_tick.o [1]
  .text              ro code  0x00003398   0x174  os_mem.o [1]
  .text              ro code  0x0000350c    0xd0  os_msg.o [1]
  .text              ro code  0x000035dc    0x1c  os_mutex.o [1]
  .text              ro code  0x000035f8    0x1c  os_q.o [1]
  .text              ro code  0x00003614   0x2e8  os_tmr.o [1]
  .text              ro code  0x000038fc   0x170  os_dbg.o [1]
  .text              ro code  0x00003a6c    0xac  os_cfg_app.o [1]
  .text              ro code  0x00003b18   0x340  avl.o [1]
  .text              ro code  0x00003e58   0x350  heap.o [1]
  CODE               ro code  0x000041a8    0x2a  cpu_a.o [1]
  .rodata            const    0x000041d2     0x2  os_dbg.o [1]
  .text              ro code  0x000041d4   0x518  recTask.o [1]
  .text              ro code  0x000046ec   0x198  cpu_core.o [1]
  CODE               ro code  0x00004884    0x84  os_cpu_a.o [1]
  .text              ro code  0x00004908    0x28  cpu_bsp.o [1]
  .text              ro code  0x00004930    0x70  os_time.o [1]
  .text              ro code  0x000049a0    0x28  printf.o [3]
  .text              ro code  0x000049c8    0x5e  lib_mem.o [1]
  .rodata            const    0x00004a26     0x2  os_dbg.o [1]
  .text              ro code  0x00004a28    0xa8  bsp.o [1]
  .text              ro code  0x00004ad0   0x468  sysctl.o [1]
  .text              ro code  0x00004f38   0x256  bsp_int.o [1]
  .rodata            const    0x0000518e     0x2  os_dbg.o [1]
  .text              ro code  0x00005190   0x268  bsp_display.o [1]
  .text              ro code  0x000053f8    0xc4  bsp_io.o [1]
  .text              ro code  0x000054bc   0x154  bsp_sensors.o [1]
  .text              ro code  0x00005610   0x1fc  bsp_motor.o [1]
  .text              ro code  0x0000580c   0x144  cpu_c.o [1]
  .text              ro code  0x00005950    0xac  i2c.o [1]
  .text              ro code  0x000059fc   0x2d8  gpio.o [1]
  .text              ro code  0x00005cd4    0x98  pwm.o [1]
  .text              ro code  0x00005d6c   0x47c  app.o [1]
  .text              ro code  0x000061e8   0x140  heap0.o [3]
  .text              ro code  0x00006328    0x2c  xgetmemchunk.o [3]
  .text              ro code  0x00006354    0xd8  xfspos.o [3]
  .text              ro code  0x0000642c    0xac  fflush.o [3]
  .text              ro code  0x000064d8     0xc  xfgpos.o [3]
  .text              ro code  0x000064e4    0x4a  lseek.o [6]
  .text              ro code  0x0000652e    0x10  write.o [6]
  .rodata            const    0x0000653e     0x2  os_dbg.o [1]
  .text              ro code  0x00006540    0xcc  XShHandles.o [3]
  .text              ro code  0x0000660c    0x1e  dwrite.o [6]
  .text              ro code  0x0000662a    0x20  iarwstd.o [6]
  .text              ro code  0x0000664a    0x22  iarwrite.o [6]
  .text              ro code  0x0000666c    0xb4  xfwprep.o [3]
  .text              ro code  0x00006720    0x24  fseek.o [3]
  .text              ro code  0x00006744    0x7e  fclose.o [3]
  .rodata            const    0x000067c2     0x2  os_dbg.o [1]
  .text              ro code  0x000067c4    0x7c  xfofind.o [3]
  .text              ro code  0x00006840     0x4  heaptramp0.o [3]
  .text              ro code  0x00006844    0x18  close.o [6]
  .text              ro code  0x0000685c    0x14  remove.o [6]
  .rodata            const    0x00006870    0x5c  sysctl.o [1]
  .text              ro code  0x000068cc    0x54  fputc.o [3]
  .rodata            const    0x00006920    0x50  bsp_display.o [1]
  .rodata            const    0x00006970    0x48  gpio.o [1]
  .text              ro code  0x000069b8    0x40  zero_init3.o [5]
  .text              ro code  0x000069f8    0x3c  xcloseall.o [3]
  .rodata            const    0x00006a34    0x34  os_dbg.o [1]
  .rodata            const    0x00006a68    0x30  os_dbg.o [1]
  .rodata            const    0x00006a98    0x30  os_dbg.o [1]
  .rodata            const    0x00006ac8    0x28  os_dbg.o [1]
  .rodata            const    0x00006af0    0x28  os_dbg.o [1]
  .text              ro code  0x00006b18    0x28  data_init.o [5]
  .iar.init_table    const    0x00006b40    0x20  - Linker created -
  .rodata            const    0x00006b60    0x20  os_dbg.o [1]
  .text              ro code  0x00006b80    0x1e  cmain.o [5]
  .text              ro code  0x00006b9e     0x4  low_level_init.o [3]
  .text              ro code  0x00006ba2     0x4  exit.o [3]
  .rodata            const    0x00006ba6     0x2  os_dbg.o [1]
  .text              ro code  0x00006ba8     0xe  cexit.o [5]
  .rodata            const    0x00006bb6     0x2  os_dbg.o [1]
  .rodata            const    0x00006bb8    0x18  os_tmr.o [1]
  .text              ro code  0x00006bd0    0x16  xprout.o [3]
  .rodata            const    0x00006be6     0x2  os_dbg.o [1]
  .text              ro code  0x00006be8     0xc  putchar.o [3]
  .rodata            const    0x00006bf4    0x14  heap.o [1]
  .rodata            const    0x00006c08    0x14  os_core.o [1]
  .rodata            const    0x00006c1c    0x14  os_tick.o [1]
  .rodata            const    0x00006c30    0x10  app.o [1]
  .rodata            const    0x00006c40    0x10  app.o [1]
  .rodata            const    0x00006c50    0x10  app.o [1]
  .rodata            const    0x00006c60    0x10  app.o [1]
  .rodata            const    0x00006c70    0x10  app.o [1]
  .rodata            const    0x00006c80    0x10  app.o [1]
  .rodata            const    0x00006c90    0x10  avl.o [1]
  .rodata            const    0x00006ca0    0x10  heap.o [1]
  .rodata            const    0x00006cb0    0x10  recTask.o [1]
  .rodata            const    0x00006cc0     0xc  os_core.o [1]
  .rodata            const    0x00006ccc     0xc  recTask.o [1]
  .rodata            const    0x00006cd8     0xc  sysctl.o [1]
  .rodata            const    0x00006ce4     0xc  sysctl.o [1]
  .text              ro code  0x00006cf0     0xc  app_vect.o [1]
  .text              ro code  0x00006cfc     0xc  cstartup_M.o [5]
  .rodata            const    0x00006d08     0x8  bsp_display.o [1]
  .rodata            const    0x00006d10     0x8  bsp_display.o [1]
  .rodata            const    0x00006d18     0x8  os_core.o [1]
  .rodata            const    0x00006d20     0x8  os_task.o [1]
  .rodata            const    0x00006d28     0x8  recTask.o [1]
  .rodata            const    0x00006d30     0x6  xlocale_c.o [3]
  .rodata            const    0x00006d36     0x2  os_dbg.o [1]
  .rodata            const    0x00006d38     0x4  os_cfg_app.o [1]
  .rodata            const    0x00006d3c     0x4  os_cfg_app.o [1]
  .rodata            const    0x00006d40     0x4  os_cfg_app.o [1]
  .rodata            const    0x00006d44     0x4  os_cfg_app.o [1]
  .rodata            const    0x00006d48     0x4  os_cfg_app.o [1]
  .rodata            const    0x00006d4c     0x4  os_cfg_app.o [1]
  .rodata            const    0x00006d50     0x4  os_cfg_app.o [1]
  .rodata            const    0x00006d54     0x4  os_cfg_app.o [1]
  .rodata            const    0x00006d58     0x4  os_cfg_app.o [1]
  .rodata            const    0x00006d5c     0x4  os_cfg_app.o [1]
  .rodata            const    0x00006d60     0x4  os_cfg_app.o [1]
  .rodata            const    0x00006d64     0x4  os_cfg_app.o [1]
  .rodata            const    0x00006d68     0x4  os_cfg_app.o [1]
  .rodata            const    0x00006d6c     0x4  os_cfg_app.o [1]
  .rodata            const    0x00006d70     0x4  os_cfg_app.o [1]
  .rodata            const    0x00006d74     0x4  os_cfg_app.o [1]
  .rodata            const    0x00006d78     0x4  os_cfg_app.o [1]
  .rodata            const    0x00006d7c     0x4  os_cfg_app.o [1]
  .rodata            const    0x00006d80     0x4  os_cfg_app.o [1]
  .rodata            const    0x00006d84     0x4  os_cfg_app.o [1]
  .rodata            const    0x00006d88     0x4  os_cfg_app.o [1]
  .rodata            const    0x00006d8c     0x4  os_cfg_app.o [1]
  .rodata            const    0x00006d90     0x4  os_cfg_app.o [1]
  .rodata            const    0x00006d94     0x4  os_dbg.o [1]
  .rodata            const    0x00006d98     0x4  os_dbg.o [1]
  .rodata            const    0x00006d9c     0x4  os_dbg.o [1]
  .rodata            const    0x00006da0     0x1  os_cfg_app.o [1]
  .rodata            const    0x00006da1     0x1  os_cfg_app.o [1]
  .rodata            const    0x00006da2     0x1  os_dbg.o [1]
  .rodata            const    0x00006da3     0x1  os_dbg.o [1]
  .rodata            const    0x00006da4     0x1  os_dbg.o [1]
  .rodata            const    0x00006da5     0x1  os_dbg.o [1]
  .rodata            const    0x00006da6     0x1  os_dbg.o [1]
  .rodata            const    0x00006da7     0x1  os_dbg.o [1]
  .rodata            const    0x00006da8     0x1  os_dbg.o [1]
  .rodata            const    0x00006da9     0x1  os_dbg.o [1]
  .rodata            const    0x00006daa     0x1  os_dbg.o [1]
  .rodata            const    0x00006dab     0x1  os_dbg.o [1]
  .rodata            const    0x00006dac     0x1  os_dbg.o [1]
  .rodata            const    0x00006dad     0x1  os_dbg.o [1]
  .rodata            const    0x00006dae     0x1  os_dbg.o [1]
  .rodata            const    0x00006daf     0x1  os_dbg.o [1]
  .rodata            const    0x00006db0     0x1  os_dbg.o [1]
  .rodata            const    0x00006db1     0x1  os_dbg.o [1]
  .rodata            const    0x00006db2     0x1  os_dbg.o [1]
  .rodata            const    0x00006db3     0x1  os_dbg.o [1]
  .rodata            const    0x00006db4     0x1  os_dbg.o [1]
  .rodata            const    0x00006db5     0x1  os_dbg.o [1]
  .rodata            const    0x00006db6     0x1  os_dbg.o [1]
  .rodata            const    0x00006db7     0x1  os_dbg.o [1]
  .rodata            const    0x00006db8     0x1  os_dbg.o [1]
  .rodata            const    0x00006db9     0x1  os_dbg.o [1]
  .rodata            const    0x00006dba     0x1  os_dbg.o [1]
  .rodata            const    0x00006dbb     0x1  os_dbg.o [1]
  .rodata            const    0x00006dbc     0x1  os_dbg.o [1]
  .rodata            const    0x00006dbd     0x1  os_dbg.o [1]
  .rodata            const    0x00006dbe     0x1  os_dbg.o [1]
  .rodata            const    0x00006dbf     0x1  os_dbg.o [1]
  .rodata            const    0x00006dc0     0x1  os_dbg.o [1]
  .rodata            const    0x00006dc1     0x1  os_dbg.o [1]
  .text              ro code  0x00006dc4     0x0  cstart_closeall.o [5]
  .rodata            const    0x00006dc4     0x0  zero_init3.o [5]
  .rodata            const    0x00006dc4     0x0  lz77_init_single.o [5]
  Initializer bytes  const    0x00006dc4    0x7d  <for P7-1>
                            - 0x00006e41  0x6d25

"P7", part 1 of 3:                         0x180
  P7-1                        0x20000000   0x180  <Init block>
    .data            inited   0x20000000    0x38  xlocale_c.o [3]
    .data            inited   0x20000038    0x48  xlocale_c.o [3]
    .data            inited   0x20000080    0x48  xfiles.o [3]
    .data            inited   0x200000c8    0x48  xfiles.o [3]
    .data            inited   0x20000110    0x48  xfiles.o [3]
    .data            inited   0x20000158    0x20  xfiles.o [3]
    .data            inited   0x20000178     0x8  XShttio.o [3]
                            - 0x20000180   0x180

"P7", part 2 of 3:                        0x2874
  .bss               zero     0x20000180   0x640  os_cfg_app.o [1]
  .bss               zero     0x200007c0   0x200  app.o [1]
  .bss               zero     0x200009c0   0x200  app.o [1]
  .bss               zero     0x20000bc0   0x200  app.o [1]
  .bss               zero     0x20000dc0   0x200  app.o [1]
  .bss               zero     0x20000fc0   0x200  app.o [1]
  .bss               zero     0x200011c0   0x200  app.o [1]
  .bss               zero     0x200013c0   0x200  os_cfg_app.o [1]
  .bss               zero     0x200015c0   0x200  os_cfg_app.o [1]
  .bss               zero     0x200017c0   0x200  os_cfg_app.o [1]
  .bss               zero     0x200019c0   0x200  os_cfg_app.o [1]
  .bss               zero     0x20001bc0   0x190  avl.o [1]
  .bss               zero     0x20001d50   0x190  heap.o [1]
  .bss               zero     0x20001ee0   0x118  bsp_int.o [1]
  .bss               zero     0x20001ff8    0xf0  os_var.o [1]
  .bss               zero     0x200020e8    0xa4  app.o [1]
  .bss               zero     0x2000218c    0xa4  app.o [1]
  .bss               zero     0x20002230    0xa4  app.o [1]
  .bss               zero     0x200022d4    0xa4  app.o [1]
  .bss               zero     0x20002378    0xa4  app.o [1]
  .bss               zero     0x2000241c    0xa4  app.o [1]
  .bss               zero     0x200024c0    0xa4  os_var.o [1]
  .bss               zero     0x20002564    0xa4  os_var.o [1]
  .bss               zero     0x20002608    0xa4  os_var.o [1]
  .bss               zero     0x200026ac    0x80  XShHandles.o [3]
  .bss               zero     0x2000272c    0x68  os_cfg_app.o [1]
  .bss               zero     0x20002794    0x68  os_cfg_app.o [1]
  .bss               zero     0x200027fc    0x50  xfiles.o [3]
  .bss               zero     0x2000284c    0x50  xfiles.o [3]
  .bss               zero     0x2000289c    0x3c  heap.o [1]
  .bss               zero     0x200028d8    0x20  avl.o [1]
  .bss               zero     0x200028f8    0x20  heap.o [1]
  .bss               zero     0x20002918    0x20  heap.o [1]
  .bss               zero     0x20002938    0x10  cpu_core.o [1]
  .bss               zero     0x20002948     0x8  os_var.o [1]
  .bss               zero     0x20002950     0x8  heap0.o [3]
  .bss               zero     0x20002958     0x4  avl.o [1]
  .bss               zero     0x2000295c     0x4  bsp.o [1]
  .bss               zero     0x20002960     0x4  bsp_display.o [1]
  .bss               zero     0x20002964     0x4  cpu_core.o [1]
  .bss               zero     0x20002968     0x4  cpu_core.o [1]
  .bss               zero     0x2000296c     0x4  cpu_core.o [1]
  .bss               zero     0x20002970     0x4  cpu_core.o [1]
  .bss               zero     0x20002974     0x4  cpu_core.o [1]
  .bss               zero     0x20002978     0x4  cpu_core.o [1]
  .bss               zero     0x2000297c     0x4  heap.o [1]
  .bss               zero     0x20002980     0x4  os_cpu_c.o [1]
  .bss               zero     0x20002984     0x4  os_prio.o [1]
  .bss               zero     0x20002988     0x4  os_var.o [1]
  .bss               zero     0x2000298c     0x4  os_var.o [1]
  .bss               zero     0x20002990     0x4  os_var.o [1]
  .bss               zero     0x20002994     0x4  os_var.o [1]
  .bss               zero     0x20002998     0x4  os_var.o [1]
  .bss               zero     0x2000299c     0x4  os_var.o [1]
  .bss               zero     0x200029a0     0x4  os_var.o [1]
  .bss               zero     0x200029a4     0x4  os_var.o [1]
  .bss               zero     0x200029a8     0x4  os_var.o [1]
  .bss               zero     0x200029ac     0x4  os_var.o [1]
  .bss               zero     0x200029b0     0x4  os_var.o [1]
  .bss               zero     0x200029b4     0x4  os_var.o [1]
  .bss               zero     0x200029b8     0x4  os_var.o [1]
  .bss               zero     0x200029bc     0x4  os_var.o [1]
  .bss               zero     0x200029c0     0x4  os_var.o [1]
  .bss               zero     0x200029c4     0x4  os_var.o [1]
  .bss               zero     0x200029c8     0x4  os_var.o [1]
  .bss               zero     0x200029cc     0x4  os_var.o [1]
  .bss               zero     0x200029d0     0x4  recTask.o [1]
  .bss               zero     0x200029d4     0x4  xfail_s.o [3]
  .bss               zero     0x200029d8     0x4  xgetmemchunk.o [3]
  .bss               zero     0x200029dc     0x2  cpu_core.o [1]
  .bss               zero     0x200029de     0x2  cpu_core.o [1]
  .bss               zero     0x200029e0     0x2  os_var.o [1]
  .bss               zero     0x200029e2     0x2  os_var.o [1]
  .bss               zero     0x200029e4     0x2  os_var.o [1]
  .bss               zero     0x200029e6     0x2  os_var.o [1]
  .bss               zero     0x200029e8     0x1  app.o [1]
  .bss               zero     0x200029e9     0x1  app.o [1]
  .bss               zero     0x200029ea     0x1  app.o [1]
  .bss               zero     0x200029eb     0x1  app.o [1]
  .bss               zero     0x200029ec     0x1  app.o [1]
  .bss               zero     0x200029ed     0x1  os_var.o [1]
  .bss               zero     0x200029ee     0x1  os_var.o [1]
  .bss               zero     0x200029ef     0x1  os_var.o [1]
  .bss               zero     0x200029f0     0x1  os_var.o [1]
  .bss               zero     0x200029f1     0x1  os_var.o [1]
  .bss               zero     0x200029f2     0x1  XShttio.o [3]
                            - 0x200029f3  0x2873

"P7", part 3 of 3:                         0x400
  HEAP                        0x200029f8     0x0  <Block>
  CSTACK                      0x200029f8   0x400  <Block>
    CSTACK           uninit   0x200029f8   0x400  <Block tail>
                            - 0x20002df8   0x400


*******************************************************************************
*** INIT TABLE
***

          Address     Size
          -------     ----
Zero (__iar_zero_init3)
    1 destination range, total size 0x2873:
          0x20000180  0x2873

Copy/lz77 (__iar_lz77_init_single3)
    1 source range, total size 0x7d (32% of destination):
          0x00006dc4    0x7d
    1 destination range, total size 0x180:
          0x20000000   0x180



*******************************************************************************
*** MODULE SUMMARY
***

    Module              ro code  ro data  rw data
    ------              -------  -------  -------
C:\Users\Jaden\Desktop\NTU Stuff\Embedded OS\CE4053(Orignal)\ce4053\Micrium\Software\EvalBoards\TI\LM3S9B92-EVALBOT\IAR\uCOS-III-CE4053_PG\Flash\Obj: [1]
    app.o                 1 148       96    4 061
    app_vect.o               12      284
    avl.o                   832       16      436
    bsp.o                   168                 4
    bsp_display.o           616       96        4
    bsp_int.o               598               280
    bsp_io.o                196
    bsp_motor.o             508
    bsp_sensors.o           340
    cpu_a.o                  42
    cpu_bsp.o                40
    cpu_c.o                 324
    cpu_core.o              408                44
    gpio.o                  728       72
    heap.o                  848       36      528
    i2c.o                   172
    lib_mem.o                94
    os_cfg_app.o            172      100    3 856
    os_core.o             2 314       40
    os_cpu_a.o              132
    os_cpu_c.o              340                 4
    os_dbg.o                368      344
    os_mem.o                372
    os_msg.o                208
    os_mutex.o               28
    os_prio.o               144                 4
    os_q.o                   28
    os_task.o             1 484        8
    os_tick.o               984       20
    os_time.o               112
    os_tmr.o                744       24
    os_var.o                                  825
    pwm.o                   152
    recTask.o             1 304       36        4
    sysctl.o              1 128      116
    ---------------------------------------------
    Total:               17 088    1 288   10 050

command line: [2]
    ---------------------------------------------
    Total:

dl7M_tlf.a: [3]
    XShHandles.o            204               128
    XShttio.o                60        3        9
    abort.o                   6
    exit.o                    4
    fclose.o                126
    fflush.o                172
    fputc.o                  84
    fseek.o                  36
    heap0.o                 320                 8
    heaptramp0.o              4
    low_level_init.o          4
    printf.o                 40
    putchar.o                12
    xcloseall.o              60
    xencoding_8859_1.o       30
    xfail_s.o                68                 4
    xfgpos.o                 12
    xfiles.o                          81      408
    xfofind.o               124
    xfspos.o                216
    xfwprep.o               180
    xgetmemchunk.o           44                 4
    xlocale_c.o             120       47      128
    xmbcurmax.o              10
    xprintffull.o         3 918
    xprout.o                 22
    ---------------------------------------------
    Total:                5 876      131      689

m7M_tl.a: [4]
    DblAdd.o                360
    DblCmpGe.o               46
    DblCmpLe.o               46
    DblDiv.o                582
    DblMul.o                418
    DblSub.o                226
    DblToS32.o               58
    DblToU32.o               40
    S32ToDbl.o               34
    U32ToDbl.o               26
    frexp.o                 112
    ldexp.o                 314
    ---------------------------------------------
    Total:                2 262

rt7M_tl.a: [5]
    ABImemcpy.o             166
    I64DivMod.o             558
    I64DivZer.o               2
    cexit.o                  14
    cmain.o                  30
    cstart_closeall.o
    cstartup_M.o             12
    data_init.o              40
    lz77_init_single.o      122
    memchr.o                 88
    strchr.o                 22
    strlen.o                 54
    zero_init3.o             64
    ---------------------------------------------
    Total:                1 172

shb_l.a: [6]
    close.o                  24
    dwrite.o                 30
    exit.o                   20
    iarttio.o               124
    iarwrite.o               34
    iarwstd.o                32
    lseek.o                  74
    remove.o                 20
    write.o                  16
    ---------------------------------------------
    Total:                  374

    Gaps                      2
    Linker created                    32    1 024
-------------------------------------------------
    Grand Total:         26 774    1 451   11 763


*******************************************************************************
*** ENTRY LIST
***

Entry                      Address   Size  Type      Object
-----                      -------   ----  ----      ------
.iar.init_table$$Base   0x00006b40          --   Gb  - Linker created -
.iar.init_table$$Limit  0x00006b60          --   Gb  - Linker created -
?main                   0x00006b81         Code  Gb  cmain.o [5]
Aldata                  0x20002950    0x8  Data  Lc  heap0.o [3]
AppRobotMotorDriveSensorEnable
                        0x00005fbf   0x20  Code  Lc  app.o [1]
AppTaskFive             0x00005fa9   0x16  Code  Lc  app.o [1]
AppTaskFiveStk          0x200011c0  0x200  Data  Lc  app.o [1]
AppTaskFiveTCB          0x2000241c   0xa4  Data  Lc  app.o [1]
AppTaskFour             0x00005f91   0x16  Code  Lc  app.o [1]
AppTaskFourStk          0x20000fc0  0x200  Data  Lc  app.o [1]
AppTaskFourTCB          0x20002378   0xa4  Data  Lc  app.o [1]
AppTaskOne              0x00005f29   0x16  Code  Lc  app.o [1]
AppTaskOneStk           0x200009c0  0x200  Data  Lc  app.o [1]
AppTaskOneTCB           0x2000218c   0xa4  Data  Lc  app.o [1]
AppTaskStart            0x00005dc1  0x166  Code  Lc  app.o [1]
AppTaskStartStk         0x200007c0  0x200  Data  Lc  app.o [1]
AppTaskStartTCB         0x200020e8   0xa4  Data  Lc  app.o [1]
AppTaskThree            0x00005f79   0x16  Code  Lc  app.o [1]
AppTaskThreeStk         0x20000dc0  0x200  Data  Lc  app.o [1]
AppTaskThreeTCB         0x200022d4   0xa4  Data  Lc  app.o [1]
AppTaskTwo              0x00005f41   0x36  Code  Lc  app.o [1]
AppTaskTwoStk           0x20000bc0  0x200  Data  Lc  app.o [1]
AppTaskTwoTCB           0x20002230   0xa4  Data  Lc  app.o [1]
App_BusFault_ISR        0x00006cf5    0x2  Code  Lc  app_vect.o [1]
App_Fault_ISR           0x00006cf3    0x2  Code  Lc  app_vect.o [1]
App_MemFault_ISR        0x00006cf9    0x2  Code  Lc  app_vect.o [1]
App_NMI_ISR             0x00006cf1    0x2  Code  Lc  app_vect.o [1]
App_Spurious_ISR        0x00006cfb    0x2  Code  Lc  app_vect.o [1]
App_UsageFault_ISR      0x00006cf7    0x2  Code  Lc  app_vect.o [1]
BSP_BumpSensorsInit     0x000054bd   0x18  Code  Gb  bsp_sensors.o [1]
BSP_CPUClkFreq          0x00004a8d   0x12  Code  Gb  bsp.o [1]
BSP_CPU_ClkFreq_MHz     0x2000295c    0x4  Data  Gb  bsp.o [1]
BSP_DisplayClear        0x0000526b   0x4c  Code  Gb  bsp_display.o [1]
BSP_DisplayInit         0x000052f3   0xd6  Code  Gb  bsp_display.o [1]
BSP_DisplayOn           0x000052b7   0x3c  Code  Gb  bsp_display.o [1]
BSP_DisplayWriteArray   0x000051ed   0x3e  Code  Lc  bsp_display.o [1]
BSP_DisplayWriteByte    0x000051b9   0x34  Code  Lc  bsp_display.o [1]
BSP_DisplayWriteFinal   0x0000522b   0x40  Code  Lc  bsp_display.o [1]
BSP_DisplayWriteFirst   0x00005191   0x28  Code  Lc  bsp_display.o [1]
BSP_Init                0x00004a29   0x64  Code  Gb  bsp.o [1]
BSP_IntDisAll           0x00004f39    0x8  Code  Gb  bsp_int.o [1]
BSP_IntEn               0x00004f41   0x10  Code  Gb  bsp_int.o [1]
BSP_IntHandler          0x00005167   0x20  Code  Lc  bsp_int.o [1]
BSP_IntHandlerADC0      0x00004feb    0xa  Code  Gb  bsp_int.o [1]
BSP_IntHandlerADC1      0x00004ff5    0xa  Code  Gb  bsp_int.o [1]
BSP_IntHandlerADC1_0    0x00005121    0xa  Code  Gb  bsp_int.o [1]
BSP_IntHandlerADC1_1    0x0000512b    0xa  Code  Gb  bsp_int.o [1]
BSP_IntHandlerADC1_2    0x00005135    0xa  Code  Gb  bsp_int.o [1]
BSP_IntHandlerADC1_3    0x0000513f    0xa  Code  Gb  bsp_int.o [1]
BSP_IntHandlerADC2      0x00004fff    0xa  Code  Gb  bsp_int.o [1]
BSP_IntHandlerADC3      0x00005009    0xa  Code  Gb  bsp_int.o [1]
BSP_IntHandlerCAN0      0x000050db    0xa  Code  Gb  bsp_int.o [1]
BSP_IntHandlerCAN1      0x000050e5    0xa  Code  Gb  bsp_int.o [1]
BSP_IntHandlerCOMP0     0x00005059    0xa  Code  Gb  bsp_int.o [1]
BSP_IntHandlerCOMP1     0x00005063    0xa  Code  Gb  bsp_int.o [1]
BSP_IntHandlerCOMP2     0x0000506d    0xa  Code  Gb  bsp_int.o [1]
BSP_IntHandlerDummy     0x0000518d    0x2  Code  Lc  bsp_int.o [1]
BSP_IntHandlerEPI       0x00005153    0xa  Code  Gb  bsp_int.o [1]
BSP_IntHandlerETH       0x000050ef    0xa  Code  Gb  bsp_int.o [1]
BSP_IntHandlerFLASH     0x00005081    0xa  Code  Gb  bsp_int.o [1]
BSP_IntHandlerGPIOA     0x00004f91    0xa  Code  Gb  bsp_int.o [1]
BSP_IntHandlerGPIOB     0x00004f9b    0xa  Code  Gb  bsp_int.o [1]
BSP_IntHandlerGPIOC     0x00004fa5    0xa  Code  Gb  bsp_int.o [1]
BSP_IntHandlerGPIOD     0x00004faf    0xa  Code  Gb  bsp_int.o [1]
BSP_IntHandlerGPIOE     0x00004fb9    0xa  Code  Gb  bsp_int.o [1]
BSP_IntHandlerGPIOF     0x0000508b    0xa  Code  Gb  bsp_int.o [1]
BSP_IntHandlerGPIOG     0x00005095    0xa  Code  Gb  bsp_int.o [1]
BSP_IntHandlerGPIOH     0x0000509f    0xa  Code  Gb  bsp_int.o [1]
BSP_IntHandlerGPIOJ     0x0000515d    0xa  Code  Gb  bsp_int.o [1]
BSP_IntHandlerHIBERNATE
                        0x000050f9    0xa  Code  Gb  bsp_int.o [1]
BSP_IntHandlerI2C0      0x00004fe1    0xa  Code  Gb  bsp_int.o [1]
BSP_IntHandlerI2C1      0x000050d1    0xa  Code  Gb  bsp_int.o [1]
BSP_IntHandlerI2S0      0x00005149    0xa  Code  Gb  bsp_int.o [1]
BSP_IntHandlerSSI0      0x00004fd7    0xa  Code  Gb  bsp_int.o [1]
BSP_IntHandlerSSI1      0x000050b3    0xa  Code  Gb  bsp_int.o [1]
BSP_IntHandlerSYSCTL    0x00005077    0xa  Code  Gb  bsp_int.o [1]
BSP_IntHandlerTIMER0A   0x0000501d    0xa  Code  Gb  bsp_int.o [1]
BSP_IntHandlerTIMER0B   0x00005027    0xa  Code  Gb  bsp_int.o [1]
BSP_IntHandlerTIMER1A   0x00005031    0xa  Code  Gb  bsp_int.o [1]
BSP_IntHandlerTIMER1B   0x0000503b    0xa  Code  Gb  bsp_int.o [1]
BSP_IntHandlerTIMER2A   0x00005045    0xa  Code  Gb  bsp_int.o [1]
BSP_IntHandlerTIMER2B   0x0000504f    0xa  Code  Gb  bsp_int.o [1]
BSP_IntHandlerTIMER3A   0x000050bd    0xa  Code  Gb  bsp_int.o [1]
BSP_IntHandlerTIMER3B   0x000050c7    0xa  Code  Gb  bsp_int.o [1]
BSP_IntHandlerUART0     0x00004fc3    0xa  Code  Gb  bsp_int.o [1]
BSP_IntHandlerUART1     0x00004fcd    0xa  Code  Gb  bsp_int.o [1]
BSP_IntHandlerUART2     0x000050a9    0xa  Code  Gb  bsp_int.o [1]
BSP_IntHandlerUDMA_ERR  0x00005117    0xa  Code  Gb  bsp_int.o [1]
BSP_IntHandlerUDMA_SW   0x0000510d    0xa  Code  Gb  bsp_int.o [1]
BSP_IntHandlerUSB       0x00005103    0xa  Code  Gb  bsp_int.o [1]
BSP_IntHandlerWATCHDOG  0x00005013    0xa  Code  Gb  bsp_int.o [1]
BSP_IntInit             0x00004f79   0x18  Code  Gb  bsp_int.o [1]
BSP_IntVectSet          0x00004f51   0x28  Code  Gb  bsp_int.o [1]
BSP_IntVectTbl          0x20001ee0  0x118  Data  Lc  bsp_int.o [1]
BSP_LED_Off             0x00005423   0x36  Code  Gb  bsp_io.o [1]
BSP_LED_Toggle          0x00005459   0x5a  Code  Gb  bsp_io.o [1]
BSP_LEDsInit            0x00005411   0x12  Code  Gb  bsp_io.o [1]
BSP_MotorDir            0x000056ed   0x44  Code  Gb  bsp_motor.o [1]
BSP_MotorRun            0x00005731   0x1c  Code  Gb  bsp_motor.o [1]
BSP_MotorSpeed          0x0000577d   0x7a  Code  Gb  bsp_motor.o [1]
BSP_MotorStop           0x0000574d   0x30  Code  Gb  bsp_motor.o [1]
BSP_MotorsInit          0x00005611   0xdc  Code  Gb  bsp_motor.o [1]
BSP_PushButtonsInit     0x000053f9   0x18  Code  Gb  bsp_io.o [1]
BSP_WheelSensorEnable   0x00005577    0xe  Code  Gb  bsp_sensors.o [1]
BSP_WheelSensorIntEnable
                        0x00005585   0x7e  Code  Gb  bsp_sensors.o [1]
BSP_WheelSensorsInit    0x000054d5   0xa2  Code  Gb  bsp_sensors.o [1]
CPU_CntLeadZeros        0x000041bf         Code  Gb  cpu_a.o [1]
CPU_Init                0x000046ed   0x10  Code  Gb  cpu_core.o [1]
CPU_IntDis              0x000041a9         Code  Gb  cpu_a.o [1]
CPU_IntDisMeasCtr       0x200029dc    0x2  Data  Gb  cpu_core.o [1]
CPU_IntDisMeasInit      0x000047d7   0x74  Code  Lc  cpu_core.o [1]
CPU_IntDisMeasMaxCalc   0x0000484b   0x14  Code  Lc  cpu_core.o [1]
CPU_IntDisMeasMaxCurGet
                        0x00004741   0x18  Code  Gb  cpu_core.o [1]
CPU_IntDisMeasMaxCurReset
                        0x00004725   0x1c  Code  Gb  cpu_core.o [1]
CPU_IntDisMeasMaxCur_cnts
                        0x20002974    0x4  Data  Gb  cpu_core.o [1]
CPU_IntDisMeasMax_cnts  0x20002978    0x4  Data  Gb  cpu_core.o [1]
CPU_IntDisMeasOvrhd_cnts
                        0x20002970    0x4  Data  Gb  cpu_core.o [1]
CPU_IntDisMeasStart     0x00004759   0x28  Code  Gb  cpu_core.o [1]
CPU_IntDisMeasStart_cnts
                        0x20002968    0x4  Data  Gb  cpu_core.o [1]
CPU_IntDisMeasStop      0x00004781   0x40  Code  Gb  cpu_core.o [1]
CPU_IntDisMeasStop_cnts
                        0x2000296c    0x4  Data  Gb  cpu_core.o [1]
CPU_IntDisNestCtr       0x200029de    0x2  Data  Gb  cpu_core.o [1]
CPU_IntEn               0x000041ad         Code  Gb  cpu_a.o [1]
CPU_IntSrcEn            0x0000580d  0x134  Code  Gb  cpu_c.o [1]
CPU_Name                0x20002938   0x10  Data  Gb  cpu_core.o [1]
CPU_NameClr             0x000046fd   0x22  Code  Gb  cpu_core.o [1]
CPU_NameInit            0x000047c1    0x8  Code  Lc  cpu_core.o [1]
CPU_RevBits             0x000041c5         Code  Gb  cpu_a.o [1]
CPU_SR_Restore          0x000041b9         Code  Gb  cpu_a.o [1]
CPU_SR_Save             0x000041b1         Code  Gb  cpu_a.o [1]
CPU_TS_Init             0x000047c9    0xe  Code  Lc  cpu_core.o [1]
CPU_TS_TmrFreqSet       0x0000471f    0x6  Code  Gb  cpu_core.o [1]
CPU_TS_TmrFreq_Hz       0x20002964    0x4  Data  Gb  cpu_core.o [1]
CPU_TS_TmrInit          0x00004909   0x18  Code  Gb  cpu_bsp.o [1]
CPU_TS_TmrRd            0x00004921    0x6  Code  Gb  cpu_bsp.o [1]
CPU_WaitForExcept       0x000041cf         Code  Gb  cpu_a.o [1]
CPU_WaitForInt          0x000041cb         Code  Gb  cpu_a.o [1]
CSTACK$$Base            0x200029f8          --   Gb  - Linker created -
CSTACK$$Limit           0x20002df8          --   Gb  - Linker created -
CacheMore               0x000010e9   0x24  Code  Lc  xlocale_c.o [3]
GPIODirModeSet          0x000059fd   0x46  Code  Gb  gpio.o [1]
GPIOIntTypeSet          0x00005a43   0x5a  Code  Gb  gpio.o [1]
GPIOPadConfigSet        0x00005a9d  0x10e  Code  Gb  gpio.o [1]
GPIOPinConfigure        0x00005c85   0x46  Code  Gb  gpio.o [1]
GPIOPinIntClear         0x00005be3    0x8  Code  Gb  gpio.o [1]
GPIOPinIntDisable       0x00005bbd   0x12  Code  Gb  gpio.o [1]
GPIOPinIntEnable        0x00005bab   0x12  Code  Gb  gpio.o [1]
GPIOPinIntStatus        0x00005bcf   0x14  Code  Gb  gpio.o [1]
GPIOPinRead             0x00005beb    0x8  Code  Gb  gpio.o [1]
GPIOPinTypeGPIOInput    0x00005bfd   0x22  Code  Gb  gpio.o [1]
GPIOPinTypeGPIOOutput   0x00005c1f   0x22  Code  Gb  gpio.o [1]
GPIOPinTypeI2C          0x00005c41   0x22  Code  Gb  gpio.o [1]
GPIOPinTypePWM          0x00005c63   0x22  Code  Gb  gpio.o [1]
GPIOPinWrite            0x00005bf3    0xa  Code  Gb  gpio.o [1]
HEAP$$Base              0x200029f8          --   Gb  - Linker created -
HEAP$$Limit             0x200029f8          --   Gb  - Linker created -
HEAP1                   0x2000297c    0x4  Data  Gb  heap.o [1]
I2CMasterControl        0x000059d5    0x4  Code  Gb  i2c.o [1]
I2CMasterDataPut        0x000059f7    0x6  Code  Gb  i2c.o [1]
I2CMasterEnable         0x0000598f    0xa  Code  Gb  i2c.o [1]
I2CMasterErr            0x000059d9   0x1e  Code  Gb  i2c.o [1]
I2CMasterInitExpClk     0x00005951   0x3e  Code  Gb  i2c.o [1]
I2CMasterIntStatus      0x00005999   0x26  Code  Gb  i2c.o [1]
I2CMasterSlaveAddrSet   0x000059c9    0xc  Code  Gb  i2c.o [1]
IntWheelSensor          0x00005fe1   0xd2  Code  Gb  app.o [1]
IntWheelSensor::CountL  0x200029ea    0x1  Data  Lc  app.o [1]
IntWheelSensor::CountR  0x200029eb    0x1  Data  Lc  app.o [1]
IntWheelSensor::data    0x200029ec    0x1  Data  Lc  app.o [1]
Left_tgt                0x200029e8    0x1  Data  Gb  app.o [1]
LoadInt                 0x000002eb   0x7a  Code  Lc  xprintffull.o [3]
Mem_Clr                 0x000049c9    0xc  Code  Gb  lib_mem.o [1]
Mem_Set                 0x000049d5   0x52  Code  Gb  lib_mem.o [1]
MemoryCB                0x200028d8   0x20  Data  Gb  avl.o [1]
MemoryCB_heap           0x200028f8   0x20  Data  Gb  heap.o [1]
MemoryCB_heap_node      0x20002918   0x20  Data  Gb  heap.o [1]
MemoryPartition         0x20001bc0  0x190  Data  Gb  avl.o [1]
MemoryPartition_heap    0x2000289c   0x3c  Data  Gb  heap.o [1]
MemoryPartition_heap_node
                        0x20001d50  0x190  Data  Gb  heap.o [1]
OSCfg_DataSizeRAM       0x00006d90    0x4  Data  Gb  os_cfg_app.o [1]
OSCfg_ISRStk            0x200015c0  0x200  Data  Gb  os_cfg_app.o [1]
OSCfg_ISRStkBasePtr     0x00006d48    0x4  Data  Gb  os_cfg_app.o [1]
OSCfg_ISRStkSize        0x00006d4c    0x4  Data  Gb  os_cfg_app.o [1]
OSCfg_ISRStkSizeRAM     0x00006d50    0x4  Data  Gb  os_cfg_app.o [1]
OSCfg_IdleTaskStk       0x200013c0  0x200  Data  Gb  os_cfg_app.o [1]
OSCfg_IdleTaskStkBasePtr
                        0x00006d38    0x4  Data  Gb  os_cfg_app.o [1]
OSCfg_IdleTaskStkLimit  0x00006d3c    0x4  Data  Gb  os_cfg_app.o [1]
OSCfg_IdleTaskStkSize   0x00006d40    0x4  Data  Gb  os_cfg_app.o [1]
OSCfg_IdleTaskStkSizeRAM
                        0x00006d44    0x4  Data  Gb  os_cfg_app.o [1]
OSCfg_Init              0x00003a6d   0xac  Code  Gb  os_cfg_app.o [1]
OSCfg_MsgPool           0x20000180  0x640  Data  Gb  os_cfg_app.o [1]
OSCfg_MsgPoolBasePtr    0x00006d58    0x4  Data  Gb  os_cfg_app.o [1]
OSCfg_MsgPoolSize       0x0000120a    0x2  Data  Gb  os_cfg_app.o [1]
OSCfg_MsgPoolSizeRAM    0x00006d54    0x4  Data  Gb  os_cfg_app.o [1]
OSCfg_StkSizeMin        0x00006d5c    0x4  Data  Gb  os_cfg_app.o [1]
OSCfg_TickRate_Hz       0x00006d60    0x4  Data  Gb  os_cfg_app.o [1]
OSCfg_TickTaskPrio      0x00006da0    0x1  Data  Gb  os_cfg_app.o [1]
OSCfg_TickTaskStk       0x200017c0  0x200  Data  Gb  os_cfg_app.o [1]
OSCfg_TickTaskStkBasePtr
                        0x00006d64    0x4  Data  Gb  os_cfg_app.o [1]
OSCfg_TickTaskStkLimit  0x00006d68    0x4  Data  Gb  os_cfg_app.o [1]
OSCfg_TickTaskStkSize   0x00006d6c    0x4  Data  Gb  os_cfg_app.o [1]
OSCfg_TickTaskStkSizeRAM
                        0x00006d70    0x4  Data  Gb  os_cfg_app.o [1]
OSCfg_TickWheel         0x2000272c   0x68  Data  Gb  os_cfg_app.o [1]
OSCfg_TickWheelSize     0x0000126e    0x2  Data  Gb  os_cfg_app.o [1]
OSCfg_TickWheelSizeRAM  0x00006d74    0x4  Data  Gb  os_cfg_app.o [1]
OSCfg_TmrTaskPrio       0x00006da1    0x1  Data  Gb  os_cfg_app.o [1]
OSCfg_TmrTaskRate_Hz    0x00006d78    0x4  Data  Gb  os_cfg_app.o [1]
OSCfg_TmrTaskStk        0x200019c0  0x200  Data  Gb  os_cfg_app.o [1]
OSCfg_TmrTaskStkBasePtr
                        0x00006d7c    0x4  Data  Gb  os_cfg_app.o [1]
OSCfg_TmrTaskStkLimit   0x00006d80    0x4  Data  Gb  os_cfg_app.o [1]
OSCfg_TmrTaskStkSize    0x00006d84    0x4  Data  Gb  os_cfg_app.o [1]
OSCfg_TmrTaskStkSizeRAM
                        0x00006d88    0x4  Data  Gb  os_cfg_app.o [1]
OSCfg_TmrWheel          0x20002794   0x68  Data  Gb  os_cfg_app.o [1]
OSCfg_TmrWheelSize      0x00001316    0x2  Data  Gb  os_cfg_app.o [1]
OSCfg_TmrWheelSizeRAM   0x00006d8c    0x4  Data  Gb  os_cfg_app.o [1]
OSDbg_AppHooksEn        0x00006da3    0x1  Data  Gb  os_dbg.o [1]
OSDbg_ArgChkEn          0x00006da2    0x1  Data  Gb  os_dbg.o [1]
OSDbg_CalledFromISRChkEn
                        0x00006da4    0x1  Data  Gb  os_dbg.o [1]
OSDbg_DataSize          0x00006d9c    0x4  Data  Gb  os_dbg.o [1]
OSDbg_DbgEn             0x00001546    0x2  Data  Gb  os_dbg.o [1]
OSDbg_EndiannessTest    0x00006d94    0x4  Data  Gb  os_dbg.o [1]
OSDbg_FlagEn            0x00006da5    0x1  Data  Gb  os_dbg.o [1]
OSDbg_FlagGrp           0x00006ac8   0x28  Data  Gb  os_dbg.o [1]
OSDbg_ISRPostDeferredEn
                        0x00006da6    0x1  Data  Gb  os_dbg.o [1]
OSDbg_Mem               0x00006b60   0x20  Data  Gb  os_dbg.o [1]
OSDbg_MemEn             0x00006da7    0x1  Data  Gb  os_dbg.o [1]
OSDbg_MemSize           0x000016ea    0x2  Data  Gb  os_dbg.o [1]
OSDbg_MsgEn             0x00006da8    0x1  Data  Gb  os_dbg.o [1]
OSDbg_MsgPoolSize       0x000017ba    0x2  Data  Gb  os_dbg.o [1]
OSDbg_MsgQSize          0x000018f6    0x2  Data  Gb  os_dbg.o [1]
OSDbg_MsgSize           0x0000178a    0x2  Data  Gb  os_dbg.o [1]
OSDbg_Mutex             0x00006a68   0x30  Data  Gb  os_dbg.o [1]
OSDbg_MutexDelEn        0x00006daa    0x1  Data  Gb  os_dbg.o [1]
OSDbg_MutexEn           0x00006da9    0x1  Data  Gb  os_dbg.o [1]
OSDbg_MutexPendAbortEn  0x00006dab    0x1  Data  Gb  os_dbg.o [1]
OSDbg_MutexSize         0x00001932    0x2  Data  Gb  os_dbg.o [1]
OSDbg_ObjTypeChkEn      0x00006dac    0x1  Data  Gb  os_dbg.o [1]
OSDbg_PendDataSize      0x00001956    0x2  Data  Gb  os_dbg.o [1]
OSDbg_PendListSize      0x00001a3a    0x2  Data  Gb  os_dbg.o [1]
OSDbg_PendMultiEn       0x00006dad    0x1  Data  Gb  os_dbg.o [1]
OSDbg_PendObjSize       0x00001c82    0x2  Data  Gb  os_dbg.o [1]
OSDbg_PrioMax           0x00001cce    0x2  Data  Gb  os_dbg.o [1]
OSDbg_PrioTblSize       0x0000280e    0x2  Data  Gb  os_dbg.o [1]
OSDbg_PtrSize           0x000041d2    0x2  Data  Gb  os_dbg.o [1]
OSDbg_Q                 0x00006a98   0x30  Data  Gb  os_dbg.o [1]
OSDbg_QDelEn            0x00006daf    0x1  Data  Gb  os_dbg.o [1]
OSDbg_QEn               0x00006dae    0x1  Data  Gb  os_dbg.o [1]
OSDbg_QFlushEn          0x00006db0    0x1  Data  Gb  os_dbg.o [1]
OSDbg_QPendAbortEn      0x00006db1    0x1  Data  Gb  os_dbg.o [1]
OSDbg_QSize             0x00004a26    0x2  Data  Gb  os_dbg.o [1]
OSDbg_RdyList           0x0000518e    0x2  Data  Gb  os_dbg.o [1]
OSDbg_RdyListSize       0x00006d98    0x4  Data  Gb  os_dbg.o [1]
OSDbg_SchedRoundRobinEn
                        0x00006db2    0x1  Data  Gb  os_dbg.o [1]
OSDbg_Sem               0x00006af0   0x28  Data  Gb  os_dbg.o [1]
OSDbg_SemEn             0x00006db3    0x1  Data  Gb  os_dbg.o [1]
OSDbg_StatTaskEn        0x00006db5    0x1  Data  Gb  os_dbg.o [1]
OSDbg_StatTaskStkChkEn  0x00006db6    0x1  Data  Gb  os_dbg.o [1]
OSDbg_StkWidth          0x00006db4    0x1  Data  Gb  os_dbg.o [1]
OSDbg_TCBSize           0x000067c2    0x2  Data  Gb  os_dbg.o [1]
OSDbg_TaskChangePrioEn  0x00006db7    0x1  Data  Gb  os_dbg.o [1]
OSDbg_TaskDelEn         0x00006db8    0x1  Data  Gb  os_dbg.o [1]
OSDbg_TaskProfileEn     0x00006dbb    0x1  Data  Gb  os_dbg.o [1]
OSDbg_TaskQEn           0x00006db9    0x1  Data  Gb  os_dbg.o [1]
OSDbg_TaskQPendAbortEn  0x00006dba    0x1  Data  Gb  os_dbg.o [1]
OSDbg_TaskRegTblSize    0x0000653e    0x2  Data  Gb  os_dbg.o [1]
OSDbg_TaskSemPendAbortEn
                        0x00006dbc    0x1  Data  Gb  os_dbg.o [1]
OSDbg_TaskSuspendEn     0x00006dbd    0x1  Data  Gb  os_dbg.o [1]
OSDbg_TickSpokeSize     0x00006ba6    0x2  Data  Gb  os_dbg.o [1]
OSDbg_TimeDlyHMSMEn     0x00006dbe    0x1  Data  Gb  os_dbg.o [1]
OSDbg_TimeDlyResumeEn   0x00006dbf    0x1  Data  Gb  os_dbg.o [1]
OSDbg_Tmr               0x00006a34   0x34  Data  Gb  os_dbg.o [1]
OSDbg_TmrDelEn          0x00006dc1    0x1  Data  Gb  os_dbg.o [1]
OSDbg_TmrEn             0x00006dc0    0x1  Data  Gb  os_dbg.o [1]
OSDbg_TmrSize           0x00006bb6    0x2  Data  Gb  os_dbg.o [1]
OSDbg_TmrSpokeSize      0x00006be6    0x2  Data  Gb  os_dbg.o [1]
OSDbg_VersionNbr        0x00006d36    0x2  Data  Gb  os_dbg.o [1]
OSEDFSched              0x0000433d   0x12  Code  Gb  recTask.o [1]
OSIdleTaskCtr           0x20002988    0x4  Data  Gb  os_var.o [1]
OSIdleTaskHook          0x00002811    0x2  Code  Gb  os_cpu_c.o [1]
OSIdleTaskTCB           0x200024c0   0xa4  Data  Gb  os_var.o [1]
OSInit                  0x00001f05   0xda  Code  Gb  os_core.o [1]
OSInitHook              0x00002813   0x14  Code  Gb  os_cpu_c.o [1]
OSIntEnter              0x00001fdf   0x24  Code  Gb  os_core.o [1]
OSIntExit               0x00002003   0xb0  Code  Gb  os_core.o [1]
OSIntNestingCtr         0x200029ed    0x1  Data  Gb  os_var.o [1]
OSMemCreate             0x00003399   0x98  Code  Gb  os_mem.o [1]
OSMemDbgListPtr         0x2000298c    0x4  Data  Gb  os_var.o [1]
OSMemGet                0x00003431   0x4a  Code  Gb  os_mem.o [1]
OSMemPut                0x0000347b   0x4a  Code  Gb  os_mem.o [1]
OSMemQty                0x200029e0    0x2  Data  Gb  os_var.o [1]
OSMsgPool               0x20002948    0x8  Data  Gb  os_var.o [1]
OSMutexDbgListPtr       0x20002990    0x4  Data  Gb  os_var.o [1]
OSMutexQty              0x200029e2    0x2  Data  Gb  os_var.o [1]
OSPrioCur               0x200029ef    0x1  Data  Gb  os_var.o [1]
OSPrioHighRdy           0x200029f0    0x1  Data  Gb  os_var.o [1]
OSPrioTbl               0x20002984    0x4  Data  Gb  os_prio.o [1]
OSQDbgListPtr           0x20002994    0x4  Data  Gb  os_var.o [1]
OSQQty                  0x200029e4    0x2  Data  Gb  os_var.o [1]
OSRdyList               0x20001ff8   0xf0  Data  Gb  os_var.o [1]
OSRecTaskCreate         0x0000434f  0x104  Code  Gb  recTask.o [1]
OSRecTaskDel            0x00004453  0x10e  Code  Gb  recTask.o [1]
OSRunning               0x200029ee    0x1  Data  Gb  os_var.o [1]
OSSched                 0x000020b3   0xa8  Code  Gb  os_core.o [1]
OSSchedLock             0x0000215b   0x68  Code  Gb  os_core.o [1]
OSSchedLockNestingCtr   0x200029f1    0x1  Data  Gb  os_var.o [1]
OSSchedLockTimeBegin    0x20002998    0x4  Data  Gb  os_var.o [1]
OSSchedLockTimeMax      0x2000299c    0x4  Data  Gb  os_var.o [1]
OSSchedLockTimeMaxCur   0x200029a0    0x4  Data  Gb  os_var.o [1]
OSSchedUnlock           0x000021c3   0x88  Code  Gb  os_core.o [1]
OSStart                 0x0000224b   0x62  Code  Gb  os_core.o [1]
OSStartHighRdy          0x00004885         Code  Gb  os_cpu_a.o [1]
OSTCBCurPtr             0x200029c8    0x4  Data  Gb  os_var.o [1]
OSTCBHighRdyPtr         0x200029cc    0x4  Data  Gb  os_var.o [1]
OSTCBStackReset         0x000042f7   0x46  Code  Gb  recTask.o [1]
OSTaskAppStartDel       0x00004561   0xf8  Code  Gb  recTask.o [1]
OSTaskCreate            0x000029f5  0x122  Code  Gb  os_task.o [1]
OSTaskCreateHook        0x00002827    0x2  Code  Gb  os_cpu_c.o [1]
OSTaskCtxSwCtr          0x200029a4    0x4  Data  Gb  os_var.o [1]
OSTaskDbgListPtr        0x200029a8    0x4  Data  Gb  os_var.o [1]
OSTaskDel               0x00002b17  0x102  Code  Gb  os_task.o [1]
OSTaskDelHook           0x00002829    0x2  Code  Gb  os_cpu_c.o [1]
OSTaskHandlerUpdate     0x000041d5  0x122  Code  Gb  recTask.o [1]
OSTaskQty               0x200029e6    0x2  Data  Gb  os_var.o [1]
OSTaskReturnHook        0x0000282b    0x2  Code  Gb  os_cpu_c.o [1]
OSTaskSemPend           0x00002c19  0x144  Code  Gb  os_task.o [1]
OSTaskSemPost           0x00002d5d   0x1c  Code  Gb  os_task.o [1]
OSTaskStkInit           0x0000282d   0x7e  Code  Gb  os_cpu_c.o [1]
OSTaskSwHook            0x000028ab   0x36  Code  Gb  os_cpu_c.o [1]
OSTickCtr               0x200029ac    0x4  Data  Gb  os_var.o [1]
OSTickTaskTCB           0x20002564   0xa4  Data  Gb  os_var.o [1]
OSTickTaskTimeMax       0x200029b0    0x4  Data  Gb  os_var.o [1]
OSTimeGet               0x00004931   0x26  Code  Gb  os_time.o [1]
OSTimeTick              0x00004957   0x36  Code  Gb  os_time.o [1]
OSTimeTickHook          0x000028e1    0x2  Code  Gb  os_cpu_c.o [1]
OSTmrDbgListPtr         0x200029b4    0x4  Data  Gb  os_var.o [1]
OSTmrTaskTCB            0x20002608   0xa4  Data  Gb  os_var.o [1]
OSTmrTaskTimeMax        0x200029b8    0x4  Data  Gb  os_var.o [1]
OSTmrTickCtr            0x200029bc    0x4  Data  Gb  os_var.o [1]
OSTmrUpdateCnt          0x200029c0    0x4  Data  Gb  os_var.o [1]
OSTmrUpdateCtr          0x200029c4    0x4  Data  Gb  os_var.o [1]
OS_CPU_ExceptStkBase    0x20002980    0x4  Data  Gb  os_cpu_c.o [1]
OS_CPU_PendSVHandler    0x000048a3         Code  Gb  os_cpu_a.o [1]
OS_CPU_SysTickHandler   0x000028e3   0x2c  Code  Gb  os_cpu_c.o [1]
OS_CPU_SysTickInit      0x0000290f   0x2c  Code  Gb  os_cpu_c.o [1]
OS_Dbg_Init             0x000038fd  0x170  Code  Gb  os_dbg.o [1]
OS_IdleTask             0x000022ad   0x2c  Code  Gb  os_core.o [1]
OS_IdleTaskInit         0x000022d9   0x50  Code  Gb  os_core.o [1]
OS_MemDbgListAdd        0x000034c5   0x24  Code  Gb  os_mem.o [1]
OS_MemInit              0x000034e9   0x12  Code  Gb  os_mem.o [1]
OS_MsgPoolCreate        0x0000350d   0x40  Code  Gb  os_msg.o [1]
OS_MsgPoolInit          0x0000354d   0x2c  Code  Gb  os_msg.o [1]
OS_MsgQFreeAll          0x00003579   0x44  Code  Gb  os_msg.o [1]
OS_MsgQInit             0x000035bd   0x14  Code  Gb  os_msg.o [1]
OS_MutexInit            0x000035dd   0x12  Code  Gb  os_mutex.o [1]
OS_Pend                 0x00002329   0x6c  Code  Gb  os_core.o [1]
OS_PendDataInit         0x00002395   0x38  Code  Gb  os_core.o [1]
OS_PendDbgNameAdd       0x000023cd   0x42  Code  Gb  os_core.o [1]
OS_PendDbgNameRemove    0x0000240f   0x1e  Code  Gb  os_core.o [1]
OS_PendListInsertPrio   0x00002435   0x72  Code  Gb  os_core.o [1]
OS_PendListRemove       0x000024a7   0x28  Code  Gb  os_core.o [1]
OS_PendListRemove1      0x000024cf   0x48  Code  Gb  os_core.o [1]
OS_Post                 0x00002517   0xc0  Code  Gb  os_core.o [1]
OS_Post1                0x000025d7   0x26  Code  Gb  os_core.o [1]
OS_PrioGetHighest       0x00002979   0x20  Code  Gb  os_prio.o [1]
OS_PrioInit             0x00002965   0x14  Code  Gb  os_prio.o [1]
OS_PrioInsert           0x00002999   0x2a  Code  Gb  os_prio.o [1]
OS_PrioRemove           0x000029c3   0x2c  Code  Gb  os_prio.o [1]
OS_QInit                0x000035f9   0x12  Code  Gb  os_q.o [1]
OS_RdyListInit          0x000025fd   0x26  Code  Gb  os_core.o [1]
OS_RdyListInsert        0x00002623   0x28  Code  Gb  os_core.o [1]
OS_RdyListInsertHead    0x0000264b   0x3a  Code  Gb  os_core.o [1]
OS_RdyListInsertTail    0x00002685   0x38  Code  Gb  os_core.o [1]
OS_RdyListRemove        0x000026bd   0x5c  Code  Gb  os_core.o [1]
OS_SchedLockTimeMeasStart
                        0x00002719   0x14  Code  Gb  os_core.o [1]
OS_SchedLockTimeMeasStop
                        0x0000272d   0x2e  Code  Gb  os_core.o [1]
OS_TaskBlock            0x000027bd   0x38  Code  Gb  os_core.o [1]
OS_TaskDbgListAdd       0x00002d79   0x2c  Code  Gb  os_task.o [1]
OS_TaskDbgListRemove    0x00002da5   0x4a  Code  Gb  os_task.o [1]
OS_TaskInit             0x00002def   0x18  Code  Gb  os_task.o [1]
OS_TaskInitTCB          0x00002e07   0xa8  Code  Gb  os_task.o [1]
OS_TaskRdy              0x000027f5   0x1a  Code  Gb  os_core.o [1]
OS_TaskRecDelTCB        0x00004659   0x6c  Code  Gb  recTask.o [1]
OS_TaskReturn           0x00002eaf   0x14  Code  Gb  os_task.o [1]
OS_TaskSemPost          0x00002ec3   0xd4  Code  Gb  os_task.o [1]
OS_TickListInit         0x0000305f   0x2c  Code  Gb  os_tick.o [1]
OS_TickListInsert       0x0000308b  0x120  Code  Gb  os_tick.o [1]
OS_TickListRemove       0x000031ab   0x42  Code  Gb  os_tick.o [1]
OS_TickListUpdate       0x000031ed  0x178  Code  Gb  os_tick.o [1]
OS_TickTask             0x00002fc1   0x2a  Code  Gb  os_tick.o [1]
OS_TickTaskInit         0x00002feb   0x74  Code  Gb  os_tick.o [1]
OS_TmrInit              0x00003615   0xdc  Code  Gb  os_tmr.o [1]
OS_TmrLink              0x000036f1   0xd2  Code  Gb  os_tmr.o [1]
OS_TmrTask              0x00003811   0xaa  Code  Gb  os_tmr.o [1]
OS_TmrUnlink            0x000037c3   0x4c  Code  Gb  os_tmr.o [1]
PWMGenConfigure         0x00005cd5   0x28  Code  Gb  pwm.o [1]
PWMGenEnable            0x00005d11    0xa  Code  Gb  pwm.o [1]
PWMGenPeriodSet         0x00005cfd   0x14  Code  Gb  pwm.o [1]
PWMOutputInvert         0x00005d57   0x16  Code  Gb  pwm.o [1]
PWMOutputState          0x00005d41   0x16  Code  Gb  pwm.o [1]
PWMPulseWidthSet        0x00005d1b   0x26  Code  Gb  pwm.o [1]
Region$$Table$$Base     0x00006b40          --   Gb  - Linker created -
Region$$Table$$Limit    0x00006b60          --   Gb  - Linker created -
Right_tgt               0x200029e9    0x1  Data  Gb  app.o [1]
RoboTurn                0x000060b3   0xc8  Code  Gb  app.o [1]
SysCtlClockGet          0x00004cc3  0x200  Code  Gb  sysctl.o [1]
SysCtlClockSet          0x00004b61  0x162  Code  Gb  sysctl.o [1]
SysCtlDelay             0x00004b59    0x8  Code  Gb  sysctl.o [1]
SysCtlPWMClockSet       0x00004ec3   0x10  Code  Gb  sysctl.o [1]
SysCtlPeripheralEnable  0x00004b31   0x26  Code  Gb  sysctl.o [1]
SysCtlPeripheralReset   0x00004ad1   0x60  Code  Gb  sysctl.o [1]
_Close_all              0x000069f9   0x3c  Code  Gb  xcloseall.o [3]
_Encoding_8859_1_Mbrlen
                        0x00001185    0x2  Code  Gb  xencoding_8859_1.o [3]
_Encoding_8859_1_Wctomb
                        0x00001173   0x12  Code  Gb  xencoding_8859_1.o [3]
_Files                  0x20000158   0x20  Data  Gb  xfiles.o [3]
_Fofree                 0x000067c5   0x78  Code  Gb  xfofind.o [3]
_Fspos                  0x00006355   0xd8  Code  Gb  xfspos.o [3]
_Fwprep                 0x0000666d   0xb4  Code  Gb  xfwprep.o [3]
_GenldFull              0x00000d6b  0x250  Code  Lc  xprintffull.o [3]
_LdtobFull              0x00000941  0x3fe  Code  Lc  xprintffull.o [3]
_LitobFull              0x000007e9  0x112  Code  Lc  xprintffull.o [3]
_Locale_lconv           0x20000000   0x38  Data  Lc  xlocale_c.o [3]
_Nnl                    0x000064d9    0xc  Code  Gb  xfgpos.o [3]
_PrintfFull             0x0000011d  0x1b8  Code  Gb  xprintffull.o [3]
_Prout                  0x00006bd1   0x16  Code  Gb  xprout.o [3]
_PutcharsFull           0x00000fbb   0x2e  Code  Lc  xprintffull.o [3]
_PutfldFull             0x00000365  0x2d0  Code  Lc  xprintffull.o [3]
_PutstrFull             0x0000072b   0xbe  Code  Lc  xprintffull.o [3]
_PuttxtFull             0x00000635   0xf6  Code  Lc  xprintffull.o [3]
__aeabi_cdcmple         0x0000175d         Code  Gb  DblCmpLe.o [4]
__aeabi_cdrcmple        0x0000178d         Code  Gb  DblCmpGe.o [4]
__aeabi_d2iz            0x000018f9         Code  Gb  DblToS32.o [4]
__aeabi_d2uiz           0x00001c85         Code  Gb  DblToU32.o [4]
__aeabi_ddiv            0x00001a3d         Code  Gb  DblDiv.o [4]
__aeabi_dmul            0x00001549         Code  Gb  DblMul.o [4]
__aeabi_dsub            0x00001959         Code  Gb  DblSub.o [4]
__aeabi_i2d             0x00001935         Code  Gb  S32ToDbl.o [4]
__aeabi_ldiv0           0x00001ccd         Code  Gb  I64DivZer.o [5]
__aeabi_memcpy          0x00001271         Code  Gb  ABImemcpy.o [5]
__aeabi_memcpy4         0x00001291         Code  Gb  ABImemcpy.o [5]
__aeabi_memcpy8         0x00001291         Code  Gb  ABImemcpy.o [5]
__aeabi_ui2d            0x00001cad         Code  Gb  U32ToDbl.o [4]
__aeabi_uldivmod        0x00001319         Code  Gb  I64DivMod.o [5]
__basic_free            0x00006295   0x16  Code  Gb  heap0.o [3]
__basic_free_intern     0x000062ab   0x7a  Code  Lc  heap0.o [3]
__basic_malloc          0x000061e9   0x18  Code  Gb  heap0.o [3]
__basic_malloc_intern   0x00006201   0x94  Code  Lc  heap0.o [3]
__cexit_closeall        0x00006bab         Code  Gb  cexit.o [5]
__close                 0x00006845   0x18  Code  Gb  close.o [6]
__cmain                 0x00006b81         Code  Gb  cmain.o [5]
__cstart_closeall       0x00006dc4         Data  Gb  cstart_closeall.o [5]
__data_GetMemChunk      0x00006329   0x2c  Code  Gb  xgetmemchunk.o [3]
__data_GetMemChunk::start
                        0x200029d8    0x4  Data  Lc  xgetmemchunk.o [3]
__dwrite                0x0000660d   0x1e  Code  Gb  dwrite.o [6]
__exit                  0x00001e39   0x14  Code  Gb  exit.o [6]
__iar_Fail_s            0x00001191   0x1e  Code  Gb  xfail_s.o [3]
__iar_Mbcurmax          0x00001265    0xa  Code  Gb  xmbcurmax.o [3]
__iar_Memchr            0x0000120d         Code  Gb  memchr.o [5]
__iar_Stderr            0x20000110   0x48  Data  Gb  xfiles.o [3]
__iar_Stdin             0x20000080   0x48  Data  Gb  xfiles.o [3]
__iar_Stdout            0x200000c8   0x48  Data  Gb  xfiles.o [3]
__iar_Strchr            0x0000115d         Code  Gb  strchr.o [5]
__iar_close_ttio        0x00001e4d   0x2c  Code  Gb  iarttio.o [6]
__iar_dadd              0x00001969         Code  Gb  DblSub.o [4]
__iar_data_init3        0x00006b19   0x28  Code  Gb  data_init.o [5]
__iar_dsub              0x00001cd1         Code  Gb  DblAdd.o [4]
__iar_dsubStart         0x00001ce3         Code  Gb  DblAdd.o [4]
__iar_frexp             0x000016f9         Code  Gb  frexp.o [4]
__iar_frexp64           0x000016ed         Code  Gb  frexp.o [4]
__iar_frexpl            0x000016f9         Code  Gb  frexp.o [4]
__iar_get_ttio          0x00001e79   0x4c  Code  Gb  iarttio.o [6]
__iar_globLocale        0x20000038   0x48  Data  Lc  xlocale_c.o [3]
__iar_global_Locale     0x000010e5    0x4  Code  Gb  xlocale_c.o [3]
__iar_ldexp64           0x000017bd         Code  Gb  ldexp.o [4]
__iar_lookup_ttioh      0x00001ef7    0x4  Code  Gb  XShttio.o [3]
__iar_lz77_init_single3
                        0x0000106b   0x7a  Code  Gb  lz77_init_single.o [5]
__iar_program_start     0x00006cfd         Code  Gb  cstartup_M.o [5]
__iar_scalbln64         0x000017bd         Code  Gb  ldexp.o [4]
__iar_scalbn64          0x000017bd         Code  Gb  ldexp.o [4]
__iar_sh_Discard        0x00006541   0x42  Code  Gb  XShHandles.o [3]
__iar_sh_Move           0x00006583   0x46  Code  Gb  XShHandles.o [3]
__iar_sh_Pos            0x000065c9   0x3e  Code  Gb  XShHandles.o [3]
__iar_sh_stdout         0x0000662b   0x20  Code  Gb  iarwstd.o [6]
__iar_sh_write          0x0000664b   0x22  Code  Gb  iarwrite.o [6]
__iar_systems$$module {Abs}
                        0x00000001         Data  Gb  command line/config [2]
__iar_ttio_guard_lock   0x00001ec9   0x1e  Code  Gb  XShttio.o [3]
__iar_ttio_guard_unlock
                        0x00001ee7   0x10  Code  Gb  XShttio.o [3]
__iar_ttio_handles      0x20000178    0x8  Data  Lc  XShttio.o [3]
__iar_zero_init3        0x000069b9   0x40  Code  Gb  zero_init3.o [5]
__low_level_init        0x00006b9f    0x4  Code  Gb  low_level_init.o [3]
__lseek                 0x000064e5   0x4a  Code  Gb  lseek.o [6]
__vector_table          0x00000000  0x11c  Data  Gb  app_vect.o [1]
__write                 0x0000652f   0x10  Code  Gb  write.o [6]
_call_main              0x00006b8d         Code  Gb  cmain.o [5]
_exit                   0x00006ba9         Code  Gb  cexit.o [5]
_gLocale_mblen          0x00001145    0x4  Code  Gb  xlocale_c.o [3]
_gLocale_mblenInt       0x0000110d   0x34  Code  Gb  xlocale_c.o [3]
_gLocale_wctomb         0x00001149    0x4  Code  Gb  xlocale_c.o [3]
_gLocale_wctombInt      0x00001141    0x4  Code  Gb  xlocale_c.o [3]
_main                   0x00006b9b         Code  Gb  cmain.o [5]
abort                   0x00001cc7    0x6  Code  Gb  abort.o [3]
avlInit                 0x00003b19   0x26  Code  Gb  avl.o [1]
counter                 0x200029d0    0x4  Data  Gb  recTask.o [1]
create_tree_roots       0x00003f41   0x2a  Code  Gb  heap.o [1]
deleteNode              0x00003d37  0x110  Code  Gb  avl.o [1]
ebuf                    0x200027fc   0x50  Data  Lc  xfiles.o [3]
exit                    0x00006ba3    0x4  Code  Gb  exit.o [3]
extract_min             0x000040ef   0x90  Code  Gb  heap.o [1]
fclose                  0x00006745   0x7e  Code  Gb  fclose.o [3]
fflush                  0x000064a1   0x34  Code  Gb  fflush.o [3]
fflushOne               0x0000642d   0x74  Code  Lc  fflush.o [3]
find_min                0x00003eef   0x52  Code  Gb  heap.o [1]
fputc                   0x000068cd   0x54  Code  Gb  fputc.o [3]
free                    0x00006841    0x4  Code  Gb  heaptramp0.o [3]
free_node               0x0000417f    0xe  Code  Gb  heap.o [1]
frexp                   0x000016ed         Code  Gb  frexp.o [4]
frexpl                  0x000016ed         Code  Gb  frexp.o [4]
fseek                   0x00006721   0x24  Code  Gb  fseek.o [3]
g_pucRITInit            0x00006920   0x50  Data  Lc  bsp_display.o [1]
g_pucRow1               0x00006d08    0x8  Data  Lc  bsp_display.o [1]
g_pucRow2               0x00006d10    0x8  Data  Lc  bsp_display.o [1]
g_pulGPIOBaseAddrs      0x00006970   0x48  Data  Lc  gpio.o [1]
g_pulRCGCRegs           0x00006ce4    0xc  Data  Lc  sysctl.o [1]
g_pulSRCRRegs           0x00006cd8    0xc  Data  Lc  sysctl.o [1]
g_pulXtals              0x00006870   0x5c  Data  Lc  sysctl.o [1]
g_ulDelay               0x20002960    0x4  Data  Lc  bsp_display.o [1]
getBalance              0x00003c15   0x20  Code  Gb  avl.o [1]
heap_create             0x00003ea5   0x4a  Code  Gb  heap.o [1]
heap_init               0x00003e59   0x4c  Code  Gb  heap.o [1]
heap_insert             0x00003faf   0x46  Code  Gb  heap.o [1]
heap_node_create        0x00003f6b   0x44  Code  Gb  heap.o [1]
height                  0x00003b3f    0xc  Code  Gb  avl.o [1]
insert                  0x00003c35   0xc6  Code  Gb  avl.o [1]
ldexp                   0x000017bd         Code  Gb  ldexp.o [4]
ldexpl                  0x000017bd         Code  Gb  ldexp.o [4]
leftRotate              0x00003bd5   0x40  Code  Gb  avl.o [1]
localeconv              0x0000114d    0x4  Code  Gb  xlocale_c.o [3]
main                    0x00005d6d   0x52  Code  Gb  app.o [1]
max                     0x00003b4b    0x8  Code  Gb  avl.o [1]
memchr                  0x0000120d         Code  Gb  memchr.o [5]
merge                   0x00003ff5   0x8c  Code  Gb  heap.o [1]
minValueNode            0x00003cfb    0xc  Code  Gb  avl.o [1]
newNode                 0x00003b53   0x42  Code  Gb  avl.o [1]
node                    0x20002958    0x4  Data  Gb  avl.o [1]
node_find               0x00003d07   0x30  Code  Gb  avl.o [1]
obuf                    0x2000284c   0x50  Data  Lc  xfiles.o [3]
printf                  0x000049a1   0x28  Code  Gb  printf.o [3]
putchar                 0x00006be9    0xc  Code  Gb  putchar.o [3]
readjusting_array       0x00004081   0x6e  Code  Gb  heap.o [1]
remove                  0x0000685d   0x14  Code  Gb  remove.o [6]
rightRotate             0x00003b95   0x40  Code  Gb  avl.o [1]
sFileInfo               0x200026ac   0x80  Data  Lc  XShHandles.o [3]
scalbln                 0x000017bd         Code  Gb  ldexp.o [4]
scalblnl                0x000017bd         Code  Gb  ldexp.o [4]
scalbn                  0x000017bd         Code  Gb  ldexp.o [4]
scalbnl                 0x000017bd         Code  Gb  ldexp.o [4]
scale                   0x000008fb   0x46  Code  Lc  xprintffull.o [3]
sec_hand                0x200029d4    0x4  Data  Lc  xfail_s.o [3]
strchr                  0x0000115d         Code  Gb  strchr.o [5]
strlen                  0x000011d5         Code  Gb  strlen.o [5]
ttio_guard              0x200029f2    0x1  Data  Lc  XShttio.o [3]


[1] = C:\Users\Jaden\Desktop\NTU Stuff\Embedded OS\CE4053(Orignal)\ce4053\Micrium\Software\EvalBoards\TI\LM3S9B92-EVALBOT\IAR\uCOS-III-CE4053_PG\Flash\Obj
[2] = command line
[3] = dl7M_tlf.a
[4] = m7M_tl.a
[5] = rt7M_tl.a
[6] = shb_l.a

  26 774 bytes of readonly  code memory
   1 451 bytes of readonly  data memory
  11 763 bytes of readwrite data memory

Errors: none
Warnings: 1
