###############################################################################
#                                                                             #
# IAR ELF Linker V6.60.2.5449/W32 for ARM               20/Jan/2016  00:35:38 #
# Copyright 2007-2013 IAR Systems AB.                                         #
#                                                                             #
#    Output file  =  C:\Users\VijayaKumar\Desktop\Testing -                   #
#                    Copy\test\cpe484_es6153\Micrium\Software\EvalBoards\TI\L #
#                    M3S9B92-EVALBOT\IAR\uCOS-III-CE4053_PG\Flash\Exe\uCOS-II #
#                    I-Ex4.out                                                #
#    Map file     =  C:\Users\VijayaKumar\Desktop\Testing -                   #
#                    Copy\test\cpe484_es6153\Micrium\Software\EvalBoards\TI\L #
#                    M3S9B92-EVALBOT\IAR\uCOS-III-CE4053_PG\Flash\List\uCOS-I #
#                    II-Ex4.map                                               #
#    Command line =  "C:\Users\VijayaKumar\Desktop\Testing -                  #
#                    Copy\test\cpe484_es6153\Micrium\Software\EvalBoards\TI\L #
#                    M3S9B92-EVALBOT\IAR\uCOS-III-CE4053_PG\Flash\Obj\adc.o"  #
#                    "C:\Users\VijayaKumar\Desktop\Testing -                  #
#                    Copy\test\cpe484_es6153\Micrium\Software\EvalBoards\TI\L #
#                    M3S9B92-EVALBOT\IAR\uCOS-III-CE4053_PG\Flash\Obj\app.o"  #
#                    "C:\Users\VijayaKumar\Desktop\Testing -                  #
#                    Copy\test\cpe484_es6153\Micrium\Software\EvalBoards\TI\L #
#                    M3S9B92-EVALBOT\IAR\uCOS-III-CE4053_PG\Flash\Obj\app_vec #
#                    t.o" "C:\Users\VijayaKumar\Desktop\Testing -             #
#                    Copy\test\cpe484_es6153\Micrium\Software\EvalBoards\TI\L #
#                    M3S9B92-EVALBOT\IAR\uCOS-III-CE4053_PG\Flash\Obj\bsp.o"  #
#                    "C:\Users\VijayaKumar\Desktop\Testing -                  #
#                    Copy\test\cpe484_es6153\Micrium\Software\EvalBoards\TI\L #
#                    M3S9B92-EVALBOT\IAR\uCOS-III-CE4053_PG\Flash\Obj\bsp_dac #
#                    .o" "C:\Users\VijayaKumar\Desktop\Testing -              #
#                    Copy\test\cpe484_es6153\Micrium\Software\EvalBoards\TI\L #
#                    M3S9B92-EVALBOT\IAR\uCOS-III-CE4053_PG\Flash\Obj\bsp_dis #
#                    play.o" "C:\Users\VijayaKumar\Desktop\Testing -          #
#                    Copy\test\cpe484_es6153\Micrium\Software\EvalBoards\TI\L #
#                    M3S9B92-EVALBOT\IAR\uCOS-III-CE4053_PG\Flash\Obj\bsp_int #
#                    .o" "C:\Users\VijayaKumar\Desktop\Testing -              #
#                    Copy\test\cpe484_es6153\Micrium\Software\EvalBoards\TI\L #
#                    M3S9B92-EVALBOT\IAR\uCOS-III-CE4053_PG\Flash\Obj\bsp_io. #
#                    o" "C:\Users\VijayaKumar\Desktop\Testing -               #
#                    Copy\test\cpe484_es6153\Micrium\Software\EvalBoards\TI\L #
#                    M3S9B92-EVALBOT\IAR\uCOS-III-CE4053_PG\Flash\Obj\bsp_mot #
#                    or.o" "C:\Users\VijayaKumar\Desktop\Testing -            #
#                    Copy\test\cpe484_es6153\Micrium\Software\EvalBoards\TI\L #
#                    M3S9B92-EVALBOT\IAR\uCOS-III-CE4053_PG\Flash\Obj\bsp_sen #
#                    sors.o" "C:\Users\VijayaKumar\Desktop\Testing -          #
#                    Copy\test\cpe484_es6153\Micrium\Software\EvalBoards\TI\L #
#                    M3S9B92-EVALBOT\IAR\uCOS-III-CE4053_PG\Flash\Obj\can.o"  #
#                    "C:\Users\VijayaKumar\Desktop\Testing -                  #
#                    Copy\test\cpe484_es6153\Micrium\Software\EvalBoards\TI\L #
#                    M3S9B92-EVALBOT\IAR\uCOS-III-CE4053_PG\Flash\Obj\comp.o" #
#                     "C:\Users\VijayaKumar\Desktop\Testing -                 #
#                    Copy\test\cpe484_es6153\Micrium\Software\EvalBoards\TI\L #
#                    M3S9B92-EVALBOT\IAR\uCOS-III-CE4053_PG\Flash\Obj\cpu_.o" #
#                     "C:\Users\VijayaKumar\Desktop\Testing -                 #
#                    Copy\test\cpe484_es6153\Micrium\Software\EvalBoards\TI\L #
#                    M3S9B92-EVALBOT\IAR\uCOS-III-CE4053_PG\Flash\Obj\cpu_a.o #
#                    " "C:\Users\VijayaKumar\Desktop\Testing -                #
#                    Copy\test\cpe484_es6153\Micrium\Software\EvalBoards\TI\L #
#                    M3S9B92-EVALBOT\IAR\uCOS-III-CE4053_PG\Flash\Obj\cpu_bsp #
#                    .o" "C:\Users\VijayaKumar\Desktop\Testing -              #
#                    Copy\test\cpe484_es6153\Micrium\Software\EvalBoards\TI\L #
#                    M3S9B92-EVALBOT\IAR\uCOS-III-CE4053_PG\Flash\Obj\cpu_c.o #
#                    " "C:\Users\VijayaKumar\Desktop\Testing -                #
#                    Copy\test\cpe484_es6153\Micrium\Software\EvalBoards\TI\L #
#                    M3S9B92-EVALBOT\IAR\uCOS-III-CE4053_PG\Flash\Obj\cpu_cor #
#                    e.o" "C:\Users\VijayaKumar\Desktop\Testing -             #
#                    Copy\test\cpe484_es6153\Micrium\Software\EvalBoards\TI\L #
#                    M3S9B92-EVALBOT\IAR\uCOS-III-CE4053_PG\Flash\Obj\epi.o"  #
#                    "C:\Users\VijayaKumar\Desktop\Testing -                  #
#                    Copy\test\cpe484_es6153\Micrium\Software\EvalBoards\TI\L #
#                    M3S9B92-EVALBOT\IAR\uCOS-III-CE4053_PG\Flash\Obj\etherne #
#                    t.o" "C:\Users\VijayaKumar\Desktop\Testing -             #
#                    Copy\test\cpe484_es6153\Micrium\Software\EvalBoards\TI\L #
#                    M3S9B92-EVALBOT\IAR\uCOS-III-CE4053_PG\Flash\Obj\fatfs.o #
#                    " "C:\Users\VijayaKumar\Desktop\Testing -                #
#                    Copy\test\cpe484_es6153\Micrium\Software\EvalBoards\TI\L #
#                    M3S9B92-EVALBOT\IAR\uCOS-III-CE4053_PG\Flash\Obj\flash.o #
#                    " "C:\Users\VijayaKumar\Desktop\Testing -                #
#                    Copy\test\cpe484_es6153\Micrium\Software\EvalBoards\TI\L #
#                    M3S9B92-EVALBOT\IAR\uCOS-III-CE4053_PG\Flash\Obj\gpio.o" #
#                     "C:\Users\VijayaKumar\Desktop\Testing -                 #
#                    Copy\test\cpe484_es6153\Micrium\Software\EvalBoards\TI\L #
#                    M3S9B92-EVALBOT\IAR\uCOS-III-CE4053_PG\Flash\Obj\hiberna #
#                    te.o" "C:\Users\VijayaKumar\Desktop\Testing -            #
#                    Copy\test\cpe484_es6153\Micrium\Software\EvalBoards\TI\L #
#                    M3S9B92-EVALBOT\IAR\uCOS-III-CE4053_PG\Flash\Obj\i2c.o"  #
#                    "C:\Users\VijayaKumar\Desktop\Testing -                  #
#                    Copy\test\cpe484_es6153\Micrium\Software\EvalBoards\TI\L #
#                    M3S9B92-EVALBOT\IAR\uCOS-III-CE4053_PG\Flash\Obj\i2s.o"  #
#                    "C:\Users\VijayaKumar\Desktop\Testing -                  #
#                    Copy\test\cpe484_es6153\Micrium\Software\EvalBoards\TI\L #
#                    M3S9B92-EVALBOT\IAR\uCOS-III-CE4053_PG\Flash\Obj\interru #
#                    pt.o" "C:\Users\VijayaKumar\Desktop\Testing -            #
#                    Copy\test\cpe484_es6153\Micrium\Software\EvalBoards\TI\L #
#                    M3S9B92-EVALBOT\IAR\uCOS-III-CE4053_PG\Flash\Obj\lib_asc #
#                    ii.o" "C:\Users\VijayaKumar\Desktop\Testing -            #
#                    Copy\test\cpe484_es6153\Micrium\Software\EvalBoards\TI\L #
#                    M3S9B92-EVALBOT\IAR\uCOS-III-CE4053_PG\Flash\Obj\lib_mat #
#                    h.o" "C:\Users\VijayaKumar\Desktop\Testing -             #
#                    Copy\test\cpe484_es6153\Micrium\Software\EvalBoards\TI\L #
#                    M3S9B92-EVALBOT\IAR\uCOS-III-CE4053_PG\Flash\Obj\lib_mem #
#                    .o" "C:\Users\VijayaKumar\Desktop\Testing -              #
#                    Copy\test\cpe484_es6153\Micrium\Software\EvalBoards\TI\L #
#                    M3S9B92-EVALBOT\IAR\uCOS-III-CE4053_PG\Flash\Obj\lib_str #
#                    .o" "C:\Users\VijayaKumar\Desktop\Testing -              #
#                    Copy\test\cpe484_es6153\Micrium\Software\EvalBoards\TI\L #
#                    M3S9B92-EVALBOT\IAR\uCOS-III-CE4053_PG\Flash\Obj\microsd #
#                    .o" "C:\Users\VijayaKumar\Desktop\Testing -              #
#                    Copy\test\cpe484_es6153\Micrium\Software\EvalBoards\TI\L #
#                    M3S9B92-EVALBOT\IAR\uCOS-III-CE4053_PG\Flash\Obj\mpu.o"  #
#                    "C:\Users\VijayaKumar\Desktop\Testing -                  #
#                    Copy\test\cpe484_es6153\Micrium\Software\EvalBoards\TI\L #
#                    M3S9B92-EVALBOT\IAR\uCOS-III-CE4053_PG\Flash\Obj\os_app_ #
#                    hooks.o" "C:\Users\VijayaKumar\Desktop\Testing -         #
#                    Copy\test\cpe484_es6153\Micrium\Software\EvalBoards\TI\L #
#                    M3S9B92-EVALBOT\IAR\uCOS-III-CE4053_PG\Flash\Obj\os_cfg_ #
#                    app.o" "C:\Users\VijayaKumar\Desktop\Testing -           #
#                    Copy\test\cpe484_es6153\Micrium\Software\EvalBoards\TI\L #
#                    M3S9B92-EVALBOT\IAR\uCOS-III-CE4053_PG\Flash\Obj\os_core #
#                    .o" "C:\Users\VijayaKumar\Desktop\Testing -              #
#                    Copy\test\cpe484_es6153\Micrium\Software\EvalBoards\TI\L #
#                    M3S9B92-EVALBOT\IAR\uCOS-III-CE4053_PG\Flash\Obj\os_cpu_ #
#                    a.o" "C:\Users\VijayaKumar\Desktop\Testing -             #
#                    Copy\test\cpe484_es6153\Micrium\Software\EvalBoards\TI\L #
#                    M3S9B92-EVALBOT\IAR\uCOS-III-CE4053_PG\Flash\Obj\os_cpu_ #
#                    c.o" "C:\Users\VijayaKumar\Desktop\Testing -             #
#                    Copy\test\cpe484_es6153\Micrium\Software\EvalBoards\TI\L #
#                    M3S9B92-EVALBOT\IAR\uCOS-III-CE4053_PG\Flash\Obj\os_dbg. #
#                    o" "C:\Users\VijayaKumar\Desktop\Testing -               #
#                    Copy\test\cpe484_es6153\Micrium\Software\EvalBoards\TI\L #
#                    M3S9B92-EVALBOT\IAR\uCOS-III-CE4053_PG\Flash\Obj\os_flag #
#                    .o" "C:\Users\VijayaKumar\Desktop\Testing -              #
#                    Copy\test\cpe484_es6153\Micrium\Software\EvalBoards\TI\L #
#                    M3S9B92-EVALBOT\IAR\uCOS-III-CE4053_PG\Flash\Obj\os_int. #
#                    o" "C:\Users\VijayaKumar\Desktop\Testing -               #
#                    Copy\test\cpe484_es6153\Micrium\Software\EvalBoards\TI\L #
#                    M3S9B92-EVALBOT\IAR\uCOS-III-CE4053_PG\Flash\Obj\os_mem. #
#                    o" "C:\Users\VijayaKumar\Desktop\Testing -               #
#                    Copy\test\cpe484_es6153\Micrium\Software\EvalBoards\TI\L #
#                    M3S9B92-EVALBOT\IAR\uCOS-III-CE4053_PG\Flash\Obj\os_msg. #
#                    o" "C:\Users\VijayaKumar\Desktop\Testing -               #
#                    Copy\test\cpe484_es6153\Micrium\Software\EvalBoards\TI\L #
#                    M3S9B92-EVALBOT\IAR\uCOS-III-CE4053_PG\Flash\Obj\os_mute #
#                    x.o" "C:\Users\VijayaKumar\Desktop\Testing -             #
#                    Copy\test\cpe484_es6153\Micrium\Software\EvalBoards\TI\L #
#                    M3S9B92-EVALBOT\IAR\uCOS-III-CE4053_PG\Flash\Obj\os_pend #
#                    _multi.o" "C:\Users\VijayaKumar\Desktop\Testing -        #
#                    Copy\test\cpe484_es6153\Micrium\Software\EvalBoards\TI\L #
#                    M3S9B92-EVALBOT\IAR\uCOS-III-CE4053_PG\Flash\Obj\os_prio #
#                    .o" "C:\Users\VijayaKumar\Desktop\Testing -              #
#                    Copy\test\cpe484_es6153\Micrium\Software\EvalBoards\TI\L #
#                    M3S9B92-EVALBOT\IAR\uCOS-III-CE4053_PG\Flash\Obj\os_q.o" #
#                     "C:\Users\VijayaKumar\Desktop\Testing -                 #
#                    Copy\test\cpe484_es6153\Micrium\Software\EvalBoards\TI\L #
#                    M3S9B92-EVALBOT\IAR\uCOS-III-CE4053_PG\Flash\Obj\os_sem. #
#                    o" "C:\Users\VijayaKumar\Desktop\Testing -               #
#                    Copy\test\cpe484_es6153\Micrium\Software\EvalBoards\TI\L #
#                    M3S9B92-EVALBOT\IAR\uCOS-III-CE4053_PG\Flash\Obj\os_stat #
#                    .o" "C:\Users\VijayaKumar\Desktop\Testing -              #
#                    Copy\test\cpe484_es6153\Micrium\Software\EvalBoards\TI\L #
#                    M3S9B92-EVALBOT\IAR\uCOS-III-CE4053_PG\Flash\Obj\os_task #
#                    .o" "C:\Users\VijayaKumar\Desktop\Testing -              #
#                    Copy\test\cpe484_es6153\Micrium\Software\EvalBoards\TI\L #
#                    M3S9B92-EVALBOT\IAR\uCOS-III-CE4053_PG\Flash\Obj\os_tick #
#                    .o" "C:\Users\VijayaKumar\Desktop\Testing -              #
#                    Copy\test\cpe484_es6153\Micrium\Software\EvalBoards\TI\L #
#                    M3S9B92-EVALBOT\IAR\uCOS-III-CE4053_PG\Flash\Obj\os_time #
#                    .o" "C:\Users\VijayaKumar\Desktop\Testing -              #
#                    Copy\test\cpe484_es6153\Micrium\Software\EvalBoards\TI\L #
#                    M3S9B92-EVALBOT\IAR\uCOS-III-CE4053_PG\Flash\Obj\os_tmr. #
#                    o" "C:\Users\VijayaKumar\Desktop\Testing -               #
#                    Copy\test\cpe484_es6153\Micrium\Software\EvalBoards\TI\L #
#                    M3S9B92-EVALBOT\IAR\uCOS-III-CE4053_PG\Flash\Obj\os_var. #
#                    o" "C:\Users\VijayaKumar\Desktop\Testing -               #
#                    Copy\test\cpe484_es6153\Micrium\Software\EvalBoards\TI\L #
#                    M3S9B92-EVALBOT\IAR\uCOS-III-CE4053_PG\Flash\Obj\pwm.o"  #
#                    "C:\Users\VijayaKumar\Desktop\Testing -                  #
#                    Copy\test\cpe484_es6153\Micrium\Software\EvalBoards\TI\L #
#                    M3S9B92-EVALBOT\IAR\uCOS-III-CE4053_PG\Flash\Obj\qei.o"  #
#                    "C:\Users\VijayaKumar\Desktop\Testing -                  #
#                    Copy\test\cpe484_es6153\Micrium\Software\EvalBoards\TI\L #
#                    M3S9B92-EVALBOT\IAR\uCOS-III-CE4053_PG\Flash\Obj\ssi.o"  #
#                    "C:\Users\VijayaKumar\Desktop\Testing -                  #
#                    Copy\test\cpe484_es6153\Micrium\Software\EvalBoards\TI\L #
#                    M3S9B92-EVALBOT\IAR\uCOS-III-CE4053_PG\Flash\Obj\sysctl. #
#                    o" "C:\Users\VijayaKumar\Desktop\Testing -               #
#                    Copy\test\cpe484_es6153\Micrium\Software\EvalBoards\TI\L #
#                    M3S9B92-EVALBOT\IAR\uCOS-III-CE4053_PG\Flash\Obj\systick #
#                    .o" "C:\Users\VijayaKumar\Desktop\Testing -              #
#                    Copy\test\cpe484_es6153\Micrium\Software\EvalBoards\TI\L #
#                    M3S9B92-EVALBOT\IAR\uCOS-III-CE4053_PG\Flash\Obj\timer.o #
#                    " "C:\Users\VijayaKumar\Desktop\Testing -                #
#                    Copy\test\cpe484_es6153\Micrium\Software\EvalBoards\TI\L #
#                    M3S9B92-EVALBOT\IAR\uCOS-III-CE4053_PG\Flash\Obj\uart.o" #
#                     "C:\Users\VijayaKumar\Desktop\Testing -                 #
#                    Copy\test\cpe484_es6153\Micrium\Software\EvalBoards\TI\L #
#                    M3S9B92-EVALBOT\IAR\uCOS-III-CE4053_PG\Flash\Obj\udma.o" #
#                     "C:\Users\VijayaKumar\Desktop\Testing -                 #
#                    Copy\test\cpe484_es6153\Micrium\Software\EvalBoards\TI\L #
#                    M3S9B92-EVALBOT\IAR\uCOS-III-CE4053_PG\Flash\Obj\usb.o"  #
#                    "C:\Users\VijayaKumar\Desktop\Testing -                  #
#                    Copy\test\cpe484_es6153\Micrium\Software\EvalBoards\TI\L #
#                    M3S9B92-EVALBOT\IAR\uCOS-III-CE4053_PG\Flash\Obj\watchdo #
#                    g.o" --redirect _Printf=_PrintfFull --redirect           #
#                    _Scanf=_ScanfFull -o "C:\Users\VijayaKumar\Desktop\Testi #
#                    ng - Copy\test\cpe484_es6153\Micrium\Software\EvalBoards #
#                    \TI\LM3S9B92-EVALBOT\IAR\uCOS-III-CE4053_PG\Flash\Exe\uC #
#                    OS-III-Ex4.out" --map "C:\Users\VijayaKumar\Desktop\Test #
#                    ing - Copy\test\cpe484_es6153\Micrium\Software\EvalBoard #
#                    s\TI\LM3S9B92-EVALBOT\IAR\uCOS-III-CE4053_PG\Flash\List\ #
#                    uCOS-III-Ex4.map" --config "C:\Users\VijayaKumar\Desktop #
#                    \Testing - Copy\test\cpe484_es6153\Micrium\Software\Eval #
#                    Boards\TI\LM3S9B92-EVALBOT\IAR\uCOS-III-CE4053_PG\..\BSP #
#                    \LM3S9B92_Flash.icf" --semihosting --entry               #
#                    __iar_program_start --vfe                                #
#                                                                             #
#                                                                             #
###############################################################################

*******************************************************************************
*** RUNTIME MODEL ATTRIBUTES
***

CppFlavor                     = *
__Heap_Handler                = Basic
__SystemLibrary               = DLib
__dlib_dynamic_initialization = normal


*******************************************************************************
*** PLACEMENT SUMMARY
***

"A1":  place at start of [0x00000000-0x0003ffff] { ro section .intvec };
"P1":  place in [from 0x00000000 to 0x0003ffff] { ro };
"P7":  place in [from 0x20000000 to 0x20017fff] { rw, block HEAP, block CSTACK };

  Section            Kind        Address    Size  Object
  -------            ----        -------    ----  ------
"A1":                                      0x11c
  .intvec            const    0x00000000   0x11c  app_vect.o [1]
                            - 0x0000011c   0x11c

"P1":                                     0x3934
  .text              ro code  0x0000011c   0x8bc  os_core.o [1]
  .text              ro code  0x000009d8   0x158  os_cpu_c.o [1]
  .text              ro code  0x00000b30    0x88  os_prio.o [1]
  .text              ro code  0x00000bb8   0x5bc  os_task.o [1]
  .text              ro code  0x00001174   0x3f4  os_tick.o [1]
  .text              ro code  0x00001568    0xcc  os_msg.o [1]
  .text              ro code  0x00001634    0x1c  os_mutex.o [1]
  .text              ro code  0x00001650    0x1c  os_q.o [1]
  .text              ro code  0x0000166c   0x2e4  os_tmr.o [1]
  .text              ro code  0x00001950   0x1e0  os_dbg.o [1]
  .text              ro code  0x00001b30    0xe0  os_cfg_app.o [1]
  CODE               ro code  0x00001c10    0x2a  cpu_a.o [1]
  .text              ro code  0x00001c3a    0x2e  copy_init3.o [5]
  .text              ro code  0x00001c68   0x1a0  cpu_core.o [1]
  CODE               ro code  0x00001e08    0x84  os_cpu_a.o [1]
  .text              ro code  0x00001e8c    0x28  cpu_bsp.o [1]
  .text              ro code  0x00001eb4    0x48  os_time.o [1]
  .text              ro code  0x00001efc    0x66  lib_mem.o [1]
  .text              ro code  0x00001f62    0x22  zero_init3.o [5]
  .text              ro code  0x00001f84    0xa8  bsp.o [1]
  .text              ro code  0x0000202c   0x468  sysctl.o [1]
  .text              ro code  0x00002494   0x256  bsp_int.o [1]
  .rodata            const    0x000026ea     0x2  os_cfg_app.o [1]
  .text              ro code  0x000026ec   0x264  bsp_display.o [1]
  .text              ro code  0x00002950    0xc0  bsp_io.o [1]
  .text              ro code  0x00002a10   0x154  bsp_sensors.o [1]
  .text              ro code  0x00002b64   0x1f8  bsp_motor.o [1]
  .text              ro code  0x00002d5c   0x13c  cpu_c.o [1]
  .text              ro code  0x00002e98    0xac  i2c.o [1]
  .text              ro code  0x00002f44   0x2d8  gpio.o [1]
  .text              ro code  0x0000321c    0x98  pwm.o [1]
  .text              ro code  0x000032b4   0x398  app.o [1]
  .rodata            const    0x0000364c    0x5c  sysctl.o [1]
  .rodata            const    0x000036a8    0x50  bsp_display.o [1]
  .rodata            const    0x000036f8    0x48  gpio.o [1]
  .rodata            const    0x00003740    0x34  os_dbg.o [1]
  .rodata            const    0x00003774    0x30  os_dbg.o [1]
  .rodata            const    0x000037a4    0x2c  os_dbg.o [1]
  .rodata            const    0x000037d0    0x28  os_dbg.o [1]
  .rodata            const    0x000037f8    0x28  os_dbg.o [1]
  .text              ro code  0x00003820    0x28  data_init.o [5]
  .iar.init_table    const    0x00003848    0x24  - Linker created -
  .rodata            const    0x0000386c    0x20  os_dbg.o [1]
  .text              ro code  0x0000388c    0x1a  cmain.o [5]
  .text              ro code  0x000038a6     0x4  low_level_init.o [3]
  .text              ro code  0x000038aa     0x4  exit.o [3]
  .rodata            const    0x000038ae     0x2  os_cfg_app.o [1]
  .text              ro code  0x000038b0     0xa  cexit.o [5]
  .rodata            const    0x000038ba     0x2  os_cfg_app.o [1]
  .text              ro code  0x000038bc    0x14  exit.o [6]
  .rodata            const    0x000038d0    0x18  os_tmr.o [1]
  .rodata            const    0x000038e8    0x14  os_core.o [1]
  .rodata            const    0x000038fc    0x14  os_tick.o [1]
  .rodata            const    0x00003910    0x10  app.o [1]
  .rodata            const    0x00003920    0x10  app.o [1]
  .rodata            const    0x00003930    0x10  app.o [1]
  .rodata            const    0x00003940     0xc  os_core.o [1]
  .rodata            const    0x0000394c     0xc  sysctl.o [1]
  .rodata            const    0x00003958     0xc  sysctl.o [1]
  .text              ro code  0x00003964     0xc  app_vect.o [1]
  .text              ro code  0x00003970     0xc  cstartup_M.o [5]
  .rodata            const    0x0000397c     0x8  bsp_display.o [1]
  .rodata            const    0x00003984     0x8  bsp_display.o [1]
  .rodata            const    0x0000398c     0x8  os_core.o [1]
  .rodata            const    0x00003994     0x8  os_task.o [1]
  .rodata            const    0x0000399c     0x4  os_cfg_app.o [1]
  .rodata            const    0x000039a0     0x4  os_cfg_app.o [1]
  .rodata            const    0x000039a4     0x4  os_cfg_app.o [1]
  .rodata            const    0x000039a8     0x4  os_cfg_app.o [1]
  .rodata            const    0x000039ac     0x4  os_cfg_app.o [1]
  .rodata            const    0x000039b0     0x4  os_cfg_app.o [1]
  .rodata            const    0x000039b4     0x4  os_cfg_app.o [1]
  .rodata            const    0x000039b8     0x4  os_cfg_app.o [1]
  .rodata            const    0x000039bc     0x4  os_cfg_app.o [1]
  .rodata            const    0x000039c0     0x4  os_cfg_app.o [1]
  .rodata            const    0x000039c4     0x4  os_cfg_app.o [1]
  .rodata            const    0x000039c8     0x4  os_cfg_app.o [1]
  .rodata            const    0x000039cc     0x4  os_cfg_app.o [1]
  .rodata            const    0x000039d0     0x4  os_cfg_app.o [1]
  .rodata            const    0x000039d4     0x4  os_cfg_app.o [1]
  .rodata            const    0x000039d8     0x4  os_cfg_app.o [1]
  .rodata            const    0x000039dc     0x4  os_cfg_app.o [1]
  .rodata            const    0x000039e0     0x4  os_cfg_app.o [1]
  .rodata            const    0x000039e4     0x4  os_cfg_app.o [1]
  .rodata            const    0x000039e8     0x4  os_cfg_app.o [1]
  .rodata            const    0x000039ec     0x4  os_cfg_app.o [1]
  .rodata            const    0x000039f0     0x4  os_cfg_app.o [1]
  .rodata            const    0x000039f4     0x4  os_cfg_app.o [1]
  .rodata            const    0x000039f8     0x4  os_dbg.o [1]
  .rodata            const    0x000039fc     0x4  os_dbg.o [1]
  .rodata            const    0x00003a00     0x4  os_dbg.o [1]
  .rodata            const    0x00003a04     0x2  os_dbg.o [1]
  .rodata            const    0x00003a06     0x2  os_dbg.o [1]
  .rodata            const    0x00003a08     0x2  os_dbg.o [1]
  .rodata            const    0x00003a0a     0x2  os_dbg.o [1]
  .rodata            const    0x00003a0c     0x2  os_dbg.o [1]
  .rodata            const    0x00003a0e     0x2  os_dbg.o [1]
  .rodata            const    0x00003a10     0x2  os_dbg.o [1]
  .rodata            const    0x00003a12     0x2  os_dbg.o [1]
  .rodata            const    0x00003a14     0x2  os_dbg.o [1]
  .rodata            const    0x00003a16     0x2  os_dbg.o [1]
  .rodata            const    0x00003a18     0x2  os_dbg.o [1]
  .rodata            const    0x00003a1a     0x2  os_dbg.o [1]
  .rodata            const    0x00003a1c     0x2  os_dbg.o [1]
  .rodata            const    0x00003a1e     0x2  os_dbg.o [1]
  .rodata            const    0x00003a20     0x2  os_dbg.o [1]
  .rodata            const    0x00003a22     0x2  os_dbg.o [1]
  .rodata            const    0x00003a24     0x2  os_dbg.o [1]
  .rodata            const    0x00003a26     0x2  os_dbg.o [1]
  .rodata            const    0x00003a28     0x2  os_dbg.o [1]
  .rodata            const    0x00003a2a     0x1  os_cfg_app.o [1]
  .rodata            const    0x00003a2b     0x1  os_cfg_app.o [1]
  .rodata            const    0x00003a2c     0x1  os_dbg.o [1]
  .rodata            const    0x00003a2d     0x1  os_dbg.o [1]
  .rodata            const    0x00003a2e     0x1  os_dbg.o [1]
  .rodata            const    0x00003a2f     0x1  os_dbg.o [1]
  .rodata            const    0x00003a30     0x1  os_dbg.o [1]
  .rodata            const    0x00003a31     0x1  os_dbg.o [1]
  .rodata            const    0x00003a32     0x1  os_dbg.o [1]
  .rodata            const    0x00003a33     0x1  os_dbg.o [1]
  .rodata            const    0x00003a34     0x1  os_dbg.o [1]
  .rodata            const    0x00003a35     0x1  os_dbg.o [1]
  .rodata            const    0x00003a36     0x1  os_dbg.o [1]
  .rodata            const    0x00003a37     0x1  os_dbg.o [1]
  .rodata            const    0x00003a38     0x1  os_dbg.o [1]
  .rodata            const    0x00003a39     0x1  os_dbg.o [1]
  .rodata            const    0x00003a3a     0x1  os_dbg.o [1]
  .rodata            const    0x00003a3b     0x1  os_dbg.o [1]
  .rodata            const    0x00003a3c     0x1  os_dbg.o [1]
  .rodata            const    0x00003a3d     0x1  os_dbg.o [1]
  .rodata            const    0x00003a3e     0x1  os_dbg.o [1]
  .rodata            const    0x00003a3f     0x1  os_dbg.o [1]
  .rodata            const    0x00003a40     0x1  os_dbg.o [1]
  .rodata            const    0x00003a41     0x1  os_dbg.o [1]
  .rodata            const    0x00003a42     0x1  os_dbg.o [1]
  .rodata            const    0x00003a43     0x1  os_dbg.o [1]
  .rodata            const    0x00003a44     0x1  os_dbg.o [1]
  .rodata            const    0x00003a45     0x1  os_dbg.o [1]
  .rodata            const    0x00003a46     0x1  os_dbg.o [1]
  .rodata            const    0x00003a47     0x1  os_dbg.o [1]
  .rodata            const    0x00003a48     0x1  os_dbg.o [1]
  .rodata            const    0x00003a49     0x1  os_dbg.o [1]
  .rodata            const    0x00003a4a     0x1  os_dbg.o [1]
  .rodata            const    0x00003a4b     0x1  os_dbg.o [1]
  .rodata            const    0x00003a4c     0x0  zero_init3.o [5]
  .rodata            const    0x00003a4c     0x0  copy_init3.o [5]
  Initializer bytes  ro data  0x00003a4c     0x4  <for P7 s0>
                            - 0x00003a50  0x3934

"P7", part 1 of 3:                           0x4
  P7 s0                       0x20000000     0x4  <Init block>
    .data            inited   0x20000000     0x4  app.o [1]
                            - 0x20000004     0x4

"P7", part 2 of 3:                        0x1afc
  .bss               zero     0x20000004   0x640  os_cfg_app.o [1]
  .bss               zero     0x20000644   0x200  app.o [1]
  .bss               zero     0x20000844   0x200  app.o [1]
  .bss               zero     0x20000a44   0x200  app.o [1]
  .bss               zero     0x20000c44   0x200  os_cfg_app.o [1]
  .bss               zero     0x20000e44   0x200  os_cfg_app.o [1]
  .bss               zero     0x20001044   0x200  os_cfg_app.o [1]
  .bss               zero     0x20001244   0x200  os_cfg_app.o [1]
  .bss               zero     0x20001444   0x118  bsp_int.o [1]
  .bss               zero     0x2000155c    0xf0  os_var.o [1]
  .bss               zero     0x2000164c    0x8c  app.o [1]
  .bss               zero     0x200016d8    0x8c  app.o [1]
  .bss               zero     0x20001764    0x8c  app.o [1]
  .bss               zero     0x200017f0    0x8c  os_var.o [1]
  .bss               zero     0x2000187c    0x8c  os_var.o [1]
  .bss               zero     0x20001908    0x8c  os_var.o [1]
  .bss               zero     0x20001994    0x68  os_cfg_app.o [1]
  .bss               zero     0x200019fc    0x68  os_cfg_app.o [1]
  .bss               zero     0x20001a64    0x10  cpu_core.o [1]
  .bss               zero     0x20001a74     0x8  os_var.o [1]
  .bss               zero     0x20001a7c     0x4  bsp.o [1]
  .bss               zero     0x20001a80     0x4  bsp_display.o [1]
  .bss               zero     0x20001a84     0x4  cpu_core.o [1]
  .bss               zero     0x20001a88     0x4  cpu_core.o [1]
  .bss               zero     0x20001a8c     0x4  cpu_core.o [1]
  .bss               zero     0x20001a90     0x4  cpu_core.o [1]
  .bss               zero     0x20001a94     0x4  cpu_core.o [1]
  .bss               zero     0x20001a98     0x4  cpu_core.o [1]
  .bss               zero     0x20001a9c     0x4  os_cpu_c.o [1]
  .bss               zero     0x20001aa0     0x4  os_prio.o [1]
  .bss               zero     0x20001aa4     0x4  os_var.o [1]
  .bss               zero     0x20001aa8     0x4  os_var.o [1]
  .bss               zero     0x20001aac     0x4  os_var.o [1]
  .bss               zero     0x20001ab0     0x4  os_var.o [1]
  .bss               zero     0x20001ab4     0x4  os_var.o [1]
  .bss               zero     0x20001ab8     0x4  os_var.o [1]
  .bss               zero     0x20001abc     0x4  os_var.o [1]
  .bss               zero     0x20001ac0     0x4  os_var.o [1]
  .bss               zero     0x20001ac4     0x4  os_var.o [1]
  .bss               zero     0x20001ac8     0x4  os_var.o [1]
  .bss               zero     0x20001acc     0x4  os_var.o [1]
  .bss               zero     0x20001ad0     0x4  os_var.o [1]
  .bss               zero     0x20001ad4     0x4  os_var.o [1]
  .bss               zero     0x20001ad8     0x4  os_var.o [1]
  .bss               zero     0x20001adc     0x4  os_var.o [1]
  .bss               zero     0x20001ae0     0x4  os_var.o [1]
  .bss               zero     0x20001ae4     0x4  os_var.o [1]
  .bss               zero     0x20001ae8     0x2  cpu_core.o [1]
  .bss               zero     0x20001aea     0x2  cpu_core.o [1]
  .bss               zero     0x20001aec     0x2  os_var.o [1]
  .bss               zero     0x20001aee     0x2  os_var.o [1]
  .bss               zero     0x20001af0     0x2  os_var.o [1]
  .bss               zero     0x20001af2     0x1  app.o [1]
  .bss               zero     0x20001af3     0x1  app.o [1]
  .bss               zero     0x20001af4     0x1  app.o [1]
  .bss               zero     0x20001af5     0x1  app.o [1]
  .bss               zero     0x20001af6     0x1  app.o [1]
  .bss               zero     0x20001af7     0x1  os_var.o [1]
  .bss               zero     0x20001af8     0x1  os_var.o [1]
  .bss               zero     0x20001af9     0x1  os_var.o [1]
  .bss               zero     0x20001afa     0x1  os_var.o [1]
  .bss               zero     0x20001afb     0x1  os_var.o [1]
                            - 0x20001afc  0x1af8

"P7", part 3 of 3:                         0x400
  CSTACK                      0x20001b00   0x400  <Block>
    CSTACK           uninit   0x20001b00   0x400  <Block tail>
                            - 0x20001f00   0x400


*******************************************************************************
*** INIT TABLE
***

          Address     Size
          -------     ----
Zero (__iar_zero_init3)
    1 destination range, total size 0x1af8:
          0x20000004  0x1af8

Copy (__iar_copy_init3)
    1 source range, total size 0x4:
          0x00003a4c     0x4
    1 destination range, total size 0x4:
          0x20000000     0x4



*******************************************************************************
*** MODULE SUMMARY
***

    Module            ro code  ro data  rw data
    ------            -------  -------  -------
C:\Users\VijayaKumar\Desktop\Testing - Copy\test\cpe484_es6153\Micrium\Software\EvalBoards\TI\LM3S9B92-EVALBOT\IAR\uCOS-III-CE4053_PG\Flash\Obj: [1]
    app.o                 920       52    1 965
    app_vect.o             12      284
    bsp.o                 168                 4
    bsp_display.o         612       96        4
    bsp_int.o             598               280
    bsp_io.o              192
    bsp_motor.o           504
    bsp_sensors.o         340
    cpu_a.o                42
    cpu_bsp.o              40
    cpu_c.o               316
    cpu_core.o            416                44
    gpio.o                728       72
    i2c.o                 172
    lib_mem.o             102
    os_cfg_app.o          224      100    3 856
    os_core.o           2 236       40
    os_cpu_a.o            132
    os_cpu_c.o            344                 4
    os_dbg.o              480      338
    os_msg.o              204
    os_mutex.o             28
    os_prio.o             136                 4
    os_q.o                 28
    os_task.o           1 468        8
    os_tick.o           1 012       20
    os_time.o              72
    os_tmr.o              740       24
    os_var.o                                747
    pwm.o                 152
    sysctl.o            1 128      116
    -------------------------------------------
    Total:             13 546    1 150    6 908

command line: [2]
    -------------------------------------------
    Total:

dl7M_tlf.a: [3]
    exit.o                  4
    low_level_init.o        4
    -------------------------------------------
    Total:                  8

m7M_tl.a: [4]
    -------------------------------------------
    Total:

rt7M_tl.a: [5]
    cexit.o                10
    cmain.o                26
    copy_init3.o           46
    cstartup_M.o           12
    data_init.o            40
    zero_init3.o           34
    -------------------------------------------
    Total:                168

shb_l.a: [6]
    exit.o                 20
    -------------------------------------------
    Total:                 20

    Linker created                  36    1 024
-----------------------------------------------
    Grand Total:       13 742    1 186    7 932


*******************************************************************************
*** ENTRY LIST
***

Entry                      Address   Size  Type      Object
-----                      -------   ----  ----      ------
?main                   0x0000388d         Code  Gb  cmain.o [5]
AppRobotMotorDriveSensorEnable
                        0x00003447   0x20  Code  Lc  app.o [1]
AppTaskOne              0x0000339d   0x5e  Code  Lc  app.o [1]
AppTaskOneStk           0x20000844  0x200  Data  Lc  app.o [1]
AppTaskOneTCB           0x200016d8   0x8c  Data  Lc  app.o [1]
AppTaskStart            0x00003301   0x9a  Code  Lc  app.o [1]
AppTaskStartStk         0x20000644  0x200  Data  Lc  app.o [1]
AppTaskStartTCB         0x2000164c   0x8c  Data  Lc  app.o [1]
AppTaskTwo              0x000033fd   0x4a  Code  Lc  app.o [1]
AppTaskTwoStk           0x20000a44  0x200  Data  Lc  app.o [1]
AppTaskTwoTCB           0x20001764   0x8c  Data  Lc  app.o [1]
App_BusFault_ISR        0x00003969    0x2  Code  Lc  app_vect.o [1]
App_Fault_ISR           0x00003967    0x2  Code  Lc  app_vect.o [1]
App_MemFault_ISR        0x0000396d    0x2  Code  Lc  app_vect.o [1]
App_NMI_ISR             0x00003965    0x2  Code  Lc  app_vect.o [1]
App_Spurious_ISR        0x0000396f    0x2  Code  Lc  app_vect.o [1]
App_UsageFault_ISR      0x0000396b    0x2  Code  Lc  app_vect.o [1]
BSP_BumpSensorsInit     0x00002a11   0x18  Code  Gb  bsp_sensors.o [1]
BSP_CPUClkFreq          0x00001fe9   0x12  Code  Gb  bsp.o [1]
BSP_CPU_ClkFreq_MHz     0x20001a7c    0x4  Data  Gb  bsp.o [1]
BSP_DisplayClear        0x000027c5   0x4c  Code  Gb  bsp_display.o [1]
BSP_DisplayInit         0x0000284d   0xd8  Code  Gb  bsp_display.o [1]
BSP_DisplayOn           0x00002811   0x3c  Code  Gb  bsp_display.o [1]
BSP_DisplayWriteArray   0x00002747   0x3e  Code  Lc  bsp_display.o [1]
BSP_DisplayWriteByte    0x00002715   0x32  Code  Lc  bsp_display.o [1]
BSP_DisplayWriteFinal   0x00002785   0x40  Code  Lc  bsp_display.o [1]
BSP_DisplayWriteFirst   0x000026ed   0x28  Code  Lc  bsp_display.o [1]
BSP_Init                0x00001f85   0x64  Code  Gb  bsp.o [1]
BSP_IntDisAll           0x00002495    0x8  Code  Gb  bsp_int.o [1]
BSP_IntEn               0x0000249d   0x10  Code  Gb  bsp_int.o [1]
BSP_IntHandler          0x000026c3   0x20  Code  Lc  bsp_int.o [1]
BSP_IntHandlerADC0      0x00002547    0xa  Code  Gb  bsp_int.o [1]
BSP_IntHandlerADC1      0x00002551    0xa  Code  Gb  bsp_int.o [1]
BSP_IntHandlerADC1_0    0x0000267d    0xa  Code  Gb  bsp_int.o [1]
BSP_IntHandlerADC1_1    0x00002687    0xa  Code  Gb  bsp_int.o [1]
BSP_IntHandlerADC1_2    0x00002691    0xa  Code  Gb  bsp_int.o [1]
BSP_IntHandlerADC1_3    0x0000269b    0xa  Code  Gb  bsp_int.o [1]
BSP_IntHandlerADC2      0x0000255b    0xa  Code  Gb  bsp_int.o [1]
BSP_IntHandlerADC3      0x00002565    0xa  Code  Gb  bsp_int.o [1]
BSP_IntHandlerCAN0      0x00002637    0xa  Code  Gb  bsp_int.o [1]
BSP_IntHandlerCAN1      0x00002641    0xa  Code  Gb  bsp_int.o [1]
BSP_IntHandlerCOMP0     0x000025b5    0xa  Code  Gb  bsp_int.o [1]
BSP_IntHandlerCOMP1     0x000025bf    0xa  Code  Gb  bsp_int.o [1]
BSP_IntHandlerCOMP2     0x000025c9    0xa  Code  Gb  bsp_int.o [1]
BSP_IntHandlerDummy     0x000026e9    0x2  Code  Lc  bsp_int.o [1]
BSP_IntHandlerEPI       0x000026af    0xa  Code  Gb  bsp_int.o [1]
BSP_IntHandlerETH       0x0000264b    0xa  Code  Gb  bsp_int.o [1]
BSP_IntHandlerFLASH     0x000025dd    0xa  Code  Gb  bsp_int.o [1]
BSP_IntHandlerGPIOA     0x000024ed    0xa  Code  Gb  bsp_int.o [1]
BSP_IntHandlerGPIOB     0x000024f7    0xa  Code  Gb  bsp_int.o [1]
BSP_IntHandlerGPIOC     0x00002501    0xa  Code  Gb  bsp_int.o [1]
BSP_IntHandlerGPIOD     0x0000250b    0xa  Code  Gb  bsp_int.o [1]
BSP_IntHandlerGPIOE     0x00002515    0xa  Code  Gb  bsp_int.o [1]
BSP_IntHandlerGPIOF     0x000025e7    0xa  Code  Gb  bsp_int.o [1]
BSP_IntHandlerGPIOG     0x000025f1    0xa  Code  Gb  bsp_int.o [1]
BSP_IntHandlerGPIOH     0x000025fb    0xa  Code  Gb  bsp_int.o [1]
BSP_IntHandlerGPIOJ     0x000026b9    0xa  Code  Gb  bsp_int.o [1]
BSP_IntHandlerHIBERNATE
                        0x00002655    0xa  Code  Gb  bsp_int.o [1]
BSP_IntHandlerI2C0      0x0000253d    0xa  Code  Gb  bsp_int.o [1]
BSP_IntHandlerI2C1      0x0000262d    0xa  Code  Gb  bsp_int.o [1]
BSP_IntHandlerI2S0      0x000026a5    0xa  Code  Gb  bsp_int.o [1]
BSP_IntHandlerSSI0      0x00002533    0xa  Code  Gb  bsp_int.o [1]
BSP_IntHandlerSSI1      0x0000260f    0xa  Code  Gb  bsp_int.o [1]
BSP_IntHandlerSYSCTL    0x000025d3    0xa  Code  Gb  bsp_int.o [1]
BSP_IntHandlerTIMER0A   0x00002579    0xa  Code  Gb  bsp_int.o [1]
BSP_IntHandlerTIMER0B   0x00002583    0xa  Code  Gb  bsp_int.o [1]
BSP_IntHandlerTIMER1A   0x0000258d    0xa  Code  Gb  bsp_int.o [1]
BSP_IntHandlerTIMER1B   0x00002597    0xa  Code  Gb  bsp_int.o [1]
BSP_IntHandlerTIMER2A   0x000025a1    0xa  Code  Gb  bsp_int.o [1]
BSP_IntHandlerTIMER2B   0x000025ab    0xa  Code  Gb  bsp_int.o [1]
BSP_IntHandlerTIMER3A   0x00002619    0xa  Code  Gb  bsp_int.o [1]
BSP_IntHandlerTIMER3B   0x00002623    0xa  Code  Gb  bsp_int.o [1]
BSP_IntHandlerUART0     0x0000251f    0xa  Code  Gb  bsp_int.o [1]
BSP_IntHandlerUART1     0x00002529    0xa  Code  Gb  bsp_int.o [1]
BSP_IntHandlerUART2     0x00002605    0xa  Code  Gb  bsp_int.o [1]
BSP_IntHandlerUDMA_ERR  0x00002673    0xa  Code  Gb  bsp_int.o [1]
BSP_IntHandlerUDMA_SW   0x00002669    0xa  Code  Gb  bsp_int.o [1]
BSP_IntHandlerUSB       0x0000265f    0xa  Code  Gb  bsp_int.o [1]
BSP_IntHandlerWATCHDOG  0x0000256f    0xa  Code  Gb  bsp_int.o [1]
BSP_IntInit             0x000024d5   0x18  Code  Gb  bsp_int.o [1]
BSP_IntVectSet          0x000024ad   0x28  Code  Gb  bsp_int.o [1]
BSP_IntVectTbl          0x20001444  0x118  Data  Lc  bsp_int.o [1]
BSP_LED_Off             0x0000297b   0x36  Code  Gb  bsp_io.o [1]
BSP_LED_Toggle          0x000029b1   0x54  Code  Gb  bsp_io.o [1]
BSP_LEDsInit            0x00002969   0x12  Code  Gb  bsp_io.o [1]
BSP_MotorDir            0x00002c41   0x44  Code  Gb  bsp_motor.o [1]
BSP_MotorRun            0x00002c85   0x1c  Code  Gb  bsp_motor.o [1]
BSP_MotorSpeed          0x00002cd1   0x76  Code  Gb  bsp_motor.o [1]
BSP_MotorStop           0x00002ca1   0x30  Code  Gb  bsp_motor.o [1]
BSP_MotorsInit          0x00002b65   0xdc  Code  Gb  bsp_motor.o [1]
BSP_PushButtonsInit     0x00002951   0x18  Code  Gb  bsp_io.o [1]
BSP_WheelSensorEnable   0x00002acb    0xe  Code  Gb  bsp_sensors.o [1]
BSP_WheelSensorIntEnable
                        0x00002ad9   0x7e  Code  Gb  bsp_sensors.o [1]
BSP_WheelSensorsInit    0x00002a29   0xa2  Code  Gb  bsp_sensors.o [1]
CPU_CntLeadZeros        0x00001c27         Code  Gb  cpu_a.o [1]
CPU_Init                0x00001c69   0x10  Code  Gb  cpu_core.o [1]
CPU_IntDis              0x00001c11         Code  Gb  cpu_a.o [1]
CPU_IntDisMeasCtr       0x20001ae8    0x2  Data  Gb  cpu_core.o [1]
CPU_IntDisMeasInit      0x00001d5b   0x74  Code  Lc  cpu_core.o [1]
CPU_IntDisMeasMaxCalc   0x00001dcf   0x14  Code  Lc  cpu_core.o [1]
CPU_IntDisMeasMaxCurGet
                        0x00001cc1   0x1c  Code  Gb  cpu_core.o [1]
CPU_IntDisMeasMaxCurReset
                        0x00001ca1   0x20  Code  Gb  cpu_core.o [1]
CPU_IntDisMeasMaxCur_cnts
                        0x20001a94    0x4  Data  Gb  cpu_core.o [1]
CPU_IntDisMeasMax_cnts  0x20001a98    0x4  Data  Gb  cpu_core.o [1]
CPU_IntDisMeasOvrhd_cnts
                        0x20001a90    0x4  Data  Gb  cpu_core.o [1]
CPU_IntDisMeasStart     0x00001cdd   0x28  Code  Gb  cpu_core.o [1]
CPU_IntDisMeasStart_cnts
                        0x20001a88    0x4  Data  Gb  cpu_core.o [1]
CPU_IntDisMeasStop      0x00001d05   0x40  Code  Gb  cpu_core.o [1]
CPU_IntDisMeasStop_cnts
                        0x20001a8c    0x4  Data  Gb  cpu_core.o [1]
CPU_IntDisNestCtr       0x20001aea    0x2  Data  Gb  cpu_core.o [1]
CPU_IntEn               0x00001c15         Code  Gb  cpu_a.o [1]
CPU_IntSrcEn            0x00002d5d  0x12c  Code  Gb  cpu_c.o [1]
CPU_Name                0x20001a64   0x10  Data  Gb  cpu_core.o [1]
CPU_NameClr             0x00001c79   0x22  Code  Gb  cpu_core.o [1]
CPU_NameInit            0x00001d45    0x8  Code  Lc  cpu_core.o [1]
CPU_RevBits             0x00001c2d         Code  Gb  cpu_a.o [1]
CPU_SR_Restore          0x00001c21         Code  Gb  cpu_a.o [1]
CPU_SR_Save             0x00001c19         Code  Gb  cpu_a.o [1]
CPU_TS_Init             0x00001d4d    0xe  Code  Lc  cpu_core.o [1]
CPU_TS_TmrFreqSet       0x00001c9b    0x6  Code  Gb  cpu_core.o [1]
CPU_TS_TmrFreq_Hz       0x20001a84    0x4  Data  Gb  cpu_core.o [1]
CPU_TS_TmrInit          0x00001e8d   0x18  Code  Gb  cpu_bsp.o [1]
CPU_TS_TmrRd            0x00001ea5    0x6  Code  Gb  cpu_bsp.o [1]
CPU_WaitForExcept       0x00001c37         Code  Gb  cpu_a.o [1]
CPU_WaitForInt          0x00001c33         Code  Gb  cpu_a.o [1]
CSTACK$$Base            0x20001b00          --   Gb  - Linker created -
CSTACK$$Limit           0x20001f00          --   Gb  - Linker created -
GPIODirModeSet          0x00002f45   0x46  Code  Gb  gpio.o [1]
GPIOIntTypeSet          0x00002f8b   0x5a  Code  Gb  gpio.o [1]
GPIOPadConfigSet        0x00002fe5  0x10e  Code  Gb  gpio.o [1]
GPIOPinConfigure        0x000031cd   0x46  Code  Gb  gpio.o [1]
GPIOPinIntClear         0x0000312b    0x8  Code  Gb  gpio.o [1]
GPIOPinIntDisable       0x00003105   0x12  Code  Gb  gpio.o [1]
GPIOPinIntEnable        0x000030f3   0x12  Code  Gb  gpio.o [1]
GPIOPinIntStatus        0x00003117   0x14  Code  Gb  gpio.o [1]
GPIOPinRead             0x00003133    0x8  Code  Gb  gpio.o [1]
GPIOPinTypeGPIOInput    0x00003145   0x22  Code  Gb  gpio.o [1]
GPIOPinTypeGPIOOutput   0x00003167   0x22  Code  Gb  gpio.o [1]
GPIOPinTypeI2C          0x00003189   0x22  Code  Gb  gpio.o [1]
GPIOPinTypePWM          0x000031ab   0x22  Code  Gb  gpio.o [1]
GPIOPinWrite            0x0000313b    0xa  Code  Gb  gpio.o [1]
I2CMasterControl        0x00002f1d    0x4  Code  Gb  i2c.o [1]
I2CMasterDataPut        0x00002f3f    0x6  Code  Gb  i2c.o [1]
I2CMasterEnable         0x00002ed7    0xa  Code  Gb  i2c.o [1]
I2CMasterErr            0x00002f21   0x1e  Code  Gb  i2c.o [1]
I2CMasterInitExpClk     0x00002e99   0x3e  Code  Gb  i2c.o [1]
I2CMasterIntStatus      0x00002ee1   0x26  Code  Gb  i2c.o [1]
I2CMasterSlaveAddrSet   0x00002f11    0xc  Code  Gb  i2c.o [1]
IntWheelSensor          0x00003469   0xd2  Code  Gb  app.o [1]
Left_tgt                0x20001af2    0x1  Data  Gb  app.o [1]
Mem_Clr                 0x00001efd    0xc  Code  Gb  lib_mem.o [1]
Mem_Set                 0x00001f09   0x5a  Code  Gb  lib_mem.o [1]
OSCfg_DataSizeRAM       0x000039f4    0x4  Data  Gb  os_cfg_app.o [1]
OSCfg_ISRStk            0x20000e44  0x200  Data  Gb  os_cfg_app.o [1]
OSCfg_ISRStkBasePtr     0x000039ac    0x4  Data  Gb  os_cfg_app.o [1]
OSCfg_ISRStkSize        0x000039b0    0x4  Data  Gb  os_cfg_app.o [1]
OSCfg_ISRStkSizeRAM     0x000039b4    0x4  Data  Gb  os_cfg_app.o [1]
OSCfg_IdleTaskStk       0x20000c44  0x200  Data  Gb  os_cfg_app.o [1]
OSCfg_IdleTaskStkBasePtr
                        0x0000399c    0x4  Data  Gb  os_cfg_app.o [1]
OSCfg_IdleTaskStkLimit  0x000039a0    0x4  Data  Gb  os_cfg_app.o [1]
OSCfg_IdleTaskStkSize   0x000039a4    0x4  Data  Gb  os_cfg_app.o [1]
OSCfg_IdleTaskStkSizeRAM
                        0x000039a8    0x4  Data  Gb  os_cfg_app.o [1]
OSCfg_Init              0x00001b31   0xe0  Code  Gb  os_cfg_app.o [1]
OSCfg_MsgPool           0x20000004  0x640  Data  Gb  os_cfg_app.o [1]
OSCfg_MsgPoolBasePtr    0x000039bc    0x4  Data  Gb  os_cfg_app.o [1]
OSCfg_MsgPoolSize       0x000026ea    0x2  Data  Gb  os_cfg_app.o [1]
OSCfg_MsgPoolSizeRAM    0x000039b8    0x4  Data  Gb  os_cfg_app.o [1]
OSCfg_StkSizeMin        0x000039c0    0x4  Data  Gb  os_cfg_app.o [1]
OSCfg_TickRate_Hz       0x000039c4    0x4  Data  Gb  os_cfg_app.o [1]
OSCfg_TickTaskPrio      0x00003a2a    0x1  Data  Gb  os_cfg_app.o [1]
OSCfg_TickTaskStk       0x20001044  0x200  Data  Gb  os_cfg_app.o [1]
OSCfg_TickTaskStkBasePtr
                        0x000039c8    0x4  Data  Gb  os_cfg_app.o [1]
OSCfg_TickTaskStkLimit  0x000039cc    0x4  Data  Gb  os_cfg_app.o [1]
OSCfg_TickTaskStkSize   0x000039d0    0x4  Data  Gb  os_cfg_app.o [1]
OSCfg_TickTaskStkSizeRAM
                        0x000039d4    0x4  Data  Gb  os_cfg_app.o [1]
OSCfg_TickWheel         0x20001994   0x68  Data  Gb  os_cfg_app.o [1]
OSCfg_TickWheelSize     0x000038ae    0x2  Data  Gb  os_cfg_app.o [1]
OSCfg_TickWheelSizeRAM  0x000039d8    0x4  Data  Gb  os_cfg_app.o [1]
OSCfg_TmrTaskPrio       0x00003a2b    0x1  Data  Gb  os_cfg_app.o [1]
OSCfg_TmrTaskRate_Hz    0x000039dc    0x4  Data  Gb  os_cfg_app.o [1]
OSCfg_TmrTaskStk        0x20001244  0x200  Data  Gb  os_cfg_app.o [1]
OSCfg_TmrTaskStkBasePtr
                        0x000039e0    0x4  Data  Gb  os_cfg_app.o [1]
OSCfg_TmrTaskStkLimit   0x000039e4    0x4  Data  Gb  os_cfg_app.o [1]
OSCfg_TmrTaskStkSize    0x000039e8    0x4  Data  Gb  os_cfg_app.o [1]
OSCfg_TmrTaskStkSizeRAM
                        0x000039ec    0x4  Data  Gb  os_cfg_app.o [1]
OSCfg_TmrWheel          0x200019fc   0x68  Data  Gb  os_cfg_app.o [1]
OSCfg_TmrWheelSize      0x000038ba    0x2  Data  Gb  os_cfg_app.o [1]
OSCfg_TmrWheelSizeRAM   0x000039f0    0x4  Data  Gb  os_cfg_app.o [1]
OSDbg_AppHooksEn        0x00003a2d    0x1  Data  Gb  os_dbg.o [1]
OSDbg_ArgChkEn          0x00003a2c    0x1  Data  Gb  os_dbg.o [1]
OSDbg_CalledFromISRChkEn
                        0x00003a2e    0x1  Data  Gb  os_dbg.o [1]
OSDbg_DataSize          0x00003a00    0x4  Data  Gb  os_dbg.o [1]
OSDbg_DbgEn             0x00003a04    0x2  Data  Gb  os_dbg.o [1]
OSDbg_EndiannessTest    0x000039f8    0x4  Data  Gb  os_dbg.o [1]
OSDbg_FlagEn            0x00003a2f    0x1  Data  Gb  os_dbg.o [1]
OSDbg_FlagGrp           0x000037d0   0x28  Data  Gb  os_dbg.o [1]
OSDbg_ISRPostDeferredEn
                        0x00003a30    0x1  Data  Gb  os_dbg.o [1]
OSDbg_Mem               0x0000386c   0x20  Data  Gb  os_dbg.o [1]
OSDbg_MemEn             0x00003a31    0x1  Data  Gb  os_dbg.o [1]
OSDbg_MsgEn             0x00003a32    0x1  Data  Gb  os_dbg.o [1]
OSDbg_MsgPoolSize       0x00003a08    0x2  Data  Gb  os_dbg.o [1]
OSDbg_MsgQSize          0x00003a0a    0x2  Data  Gb  os_dbg.o [1]
OSDbg_MsgSize           0x00003a06    0x2  Data  Gb  os_dbg.o [1]
OSDbg_Mutex             0x000037a4   0x2c  Data  Gb  os_dbg.o [1]
OSDbg_MutexDelEn        0x00003a34    0x1  Data  Gb  os_dbg.o [1]
OSDbg_MutexEn           0x00003a33    0x1  Data  Gb  os_dbg.o [1]
OSDbg_MutexPendAbortEn  0x00003a35    0x1  Data  Gb  os_dbg.o [1]
OSDbg_MutexSize         0x00003a0c    0x2  Data  Gb  os_dbg.o [1]
OSDbg_ObjTypeChkEn      0x00003a36    0x1  Data  Gb  os_dbg.o [1]
OSDbg_PendDataSize      0x00003a0e    0x2  Data  Gb  os_dbg.o [1]
OSDbg_PendListSize      0x00003a10    0x2  Data  Gb  os_dbg.o [1]
OSDbg_PendMultiEn       0x00003a37    0x1  Data  Gb  os_dbg.o [1]
OSDbg_PendObjSize       0x00003a12    0x2  Data  Gb  os_dbg.o [1]
OSDbg_PrioMax           0x00003a14    0x2  Data  Gb  os_dbg.o [1]
OSDbg_PrioTblSize       0x00003a16    0x2  Data  Gb  os_dbg.o [1]
OSDbg_PtrSize           0x00003a18    0x2  Data  Gb  os_dbg.o [1]
OSDbg_Q                 0x00003774   0x30  Data  Gb  os_dbg.o [1]
OSDbg_QDelEn            0x00003a39    0x1  Data  Gb  os_dbg.o [1]
OSDbg_QEn               0x00003a38    0x1  Data  Gb  os_dbg.o [1]
OSDbg_QFlushEn          0x00003a3a    0x1  Data  Gb  os_dbg.o [1]
OSDbg_QPendAbortEn      0x00003a3b    0x1  Data  Gb  os_dbg.o [1]
OSDbg_QSize             0x00003a1a    0x2  Data  Gb  os_dbg.o [1]
OSDbg_RdyList           0x00003a1c    0x2  Data  Gb  os_dbg.o [1]
OSDbg_RdyListSize       0x000039fc    0x4  Data  Gb  os_dbg.o [1]
OSDbg_SchedRoundRobinEn
                        0x00003a3c    0x1  Data  Gb  os_dbg.o [1]
OSDbg_Sem               0x000037f8   0x28  Data  Gb  os_dbg.o [1]
OSDbg_SemEn             0x00003a3d    0x1  Data  Gb  os_dbg.o [1]
OSDbg_StatTaskEn        0x00003a3f    0x1  Data  Gb  os_dbg.o [1]
OSDbg_StatTaskStkChkEn  0x00003a40    0x1  Data  Gb  os_dbg.o [1]
OSDbg_StkWidth          0x00003a3e    0x1  Data  Gb  os_dbg.o [1]
OSDbg_TCBSize           0x00003a20    0x2  Data  Gb  os_dbg.o [1]
OSDbg_TaskChangePrioEn  0x00003a41    0x1  Data  Gb  os_dbg.o [1]
OSDbg_TaskDelEn         0x00003a42    0x1  Data  Gb  os_dbg.o [1]
OSDbg_TaskProfileEn     0x00003a45    0x1  Data  Gb  os_dbg.o [1]
OSDbg_TaskQEn           0x00003a43    0x1  Data  Gb  os_dbg.o [1]
OSDbg_TaskQPendAbortEn  0x00003a44    0x1  Data  Gb  os_dbg.o [1]
OSDbg_TaskRegTblSize    0x00003a1e    0x2  Data  Gb  os_dbg.o [1]
OSDbg_TaskSemPendAbortEn
                        0x00003a46    0x1  Data  Gb  os_dbg.o [1]
OSDbg_TaskSuspendEn     0x00003a47    0x1  Data  Gb  os_dbg.o [1]
OSDbg_TickSpokeSize     0x00003a22    0x2  Data  Gb  os_dbg.o [1]
OSDbg_TimeDlyHMSMEn     0x00003a48    0x1  Data  Gb  os_dbg.o [1]
OSDbg_TimeDlyResumeEn   0x00003a49    0x1  Data  Gb  os_dbg.o [1]
OSDbg_Tmr               0x00003740   0x34  Data  Gb  os_dbg.o [1]
OSDbg_TmrDelEn          0x00003a4b    0x1  Data  Gb  os_dbg.o [1]
OSDbg_TmrEn             0x00003a4a    0x1  Data  Gb  os_dbg.o [1]
OSDbg_TmrSize           0x00003a24    0x2  Data  Gb  os_dbg.o [1]
OSDbg_TmrSpokeSize      0x00003a26    0x2  Data  Gb  os_dbg.o [1]
OSDbg_VersionNbr        0x00003a28    0x2  Data  Gb  os_dbg.o [1]
OSIdleTaskCtr           0x20001aa4    0x4  Data  Gb  os_var.o [1]
OSIdleTaskHook          0x000009d9    0x2  Code  Gb  os_cpu_c.o [1]
OSIdleTaskTCB           0x200017f0   0x8c  Data  Gb  os_var.o [1]
OSInit                  0x0000011d   0xc6  Code  Gb  os_core.o [1]
OSInitHook              0x000009db   0x14  Code  Gb  os_cpu_c.o [1]
OSIntEnter              0x000001e3   0x24  Code  Gb  os_core.o [1]
OSIntExit               0x00000207   0xb2  Code  Gb  os_core.o [1]
OSIntNestingCtr         0x20001af7    0x1  Data  Gb  os_var.o [1]
OSMsgPool               0x20001a74    0x8  Data  Gb  os_var.o [1]
OSMutexDbgListPtr       0x20001aa8    0x4  Data  Gb  os_var.o [1]
OSMutexQty              0x20001aec    0x2  Data  Gb  os_var.o [1]
OSPrioCur               0x20001af9    0x1  Data  Gb  os_var.o [1]
OSPrioHighRdy           0x20001afa    0x1  Data  Gb  os_var.o [1]
OSPrioTbl               0x20001aa0    0x4  Data  Gb  os_prio.o [1]
OSQDbgListPtr           0x20001aac    0x4  Data  Gb  os_var.o [1]
OSQQty                  0x20001aee    0x2  Data  Gb  os_var.o [1]
OSRdyList               0x2000155c   0xf0  Data  Gb  os_var.o [1]
OSRunning               0x20001af8    0x1  Data  Gb  os_var.o [1]
OSSched                 0x000002b9   0x78  Code  Gb  os_core.o [1]
OSSchedLock             0x00000331   0x68  Code  Gb  os_core.o [1]
OSSchedLockNestingCtr   0x20001afb    0x1  Data  Gb  os_var.o [1]
OSSchedLockTimeBegin    0x20001ab0    0x4  Data  Gb  os_var.o [1]
OSSchedLockTimeMax      0x20001ab4    0x4  Data  Gb  os_var.o [1]
OSSchedLockTimeMaxCur   0x20001ab8    0x4  Data  Gb  os_var.o [1]
OSSchedUnlock           0x00000399   0x88  Code  Gb  os_core.o [1]
OSStart                 0x00000421   0x64  Code  Gb  os_core.o [1]
OSStartHighRdy          0x00001e09         Code  Gb  os_cpu_a.o [1]
OSTCBCurPtr             0x20001ae0    0x4  Data  Gb  os_var.o [1]
OSTCBHighRdyPtr         0x20001ae4    0x4  Data  Gb  os_var.o [1]
OSTaskCreate            0x00000bb9  0x10c  Code  Gb  os_task.o [1]
OSTaskCreateHook        0x000009ef    0x2  Code  Gb  os_cpu_c.o [1]
OSTaskCtxSwCtr          0x20001abc    0x4  Data  Gb  os_var.o [1]
OSTaskDbgListPtr        0x20001ac0    0x4  Data  Gb  os_var.o [1]
OSTaskDel               0x00000cc5  0x104  Code  Gb  os_task.o [1]
OSTaskDelHook           0x000009f1    0x2  Code  Gb  os_cpu_c.o [1]
OSTaskQty               0x20001af0    0x2  Data  Gb  os_var.o [1]
OSTaskReturnHook        0x000009f3    0x2  Code  Gb  os_cpu_c.o [1]
OSTaskSemPend           0x00000dc9  0x146  Code  Gb  os_task.o [1]
OSTaskSemPost           0x00000f0f   0x1c  Code  Gb  os_task.o [1]
OSTaskStkInit           0x000009f5   0x80  Code  Gb  os_cpu_c.o [1]
OSTaskSwHook            0x00000a75   0x36  Code  Gb  os_cpu_c.o [1]
OSTickCtr               0x20001ac4    0x4  Data  Gb  os_var.o [1]
OSTickTaskTCB           0x2000187c   0x8c  Data  Gb  os_var.o [1]
OSTickTaskTimeMax       0x20001ac8    0x4  Data  Gb  os_var.o [1]
OSTimeTick              0x00001eb5   0x36  Code  Gb  os_time.o [1]
OSTimeTickHook          0x00000aab    0x2  Code  Gb  os_cpu_c.o [1]
OSTmrDbgListPtr         0x20001acc    0x4  Data  Gb  os_var.o [1]
OSTmrTaskTCB            0x20001908   0x8c  Data  Gb  os_var.o [1]
OSTmrTaskTimeMax        0x20001ad0    0x4  Data  Gb  os_var.o [1]
OSTmrTickCtr            0x20001ad4    0x4  Data  Gb  os_var.o [1]
OSTmrUpdateCnt          0x20001ad8    0x4  Data  Gb  os_var.o [1]
OSTmrUpdateCtr          0x20001adc    0x4  Data  Gb  os_var.o [1]
OS_CPU_ExceptStkBase    0x20001a9c    0x4  Data  Gb  os_cpu_c.o [1]
OS_CPU_PendSVHandler    0x00001e27         Code  Gb  os_cpu_a.o [1]
OS_CPU_SysTickHandler   0x00000aad   0x2c  Code  Gb  os_cpu_c.o [1]
OS_CPU_SysTickInit      0x00000ad9   0x2c  Code  Gb  os_cpu_c.o [1]
OS_Dbg_Init             0x00001951  0x1e0  Code  Gb  os_dbg.o [1]
OS_IdleTask             0x00000485   0x2c  Code  Gb  os_core.o [1]
OS_IdleTaskInit         0x000004b1   0x50  Code  Gb  os_core.o [1]
OS_MsgPoolCreate        0x00001569   0x3c  Code  Gb  os_msg.o [1]
OS_MsgPoolInit          0x000015a5   0x2c  Code  Gb  os_msg.o [1]
OS_MsgQFreeAll          0x000015d1   0x44  Code  Gb  os_msg.o [1]
OS_MsgQInit             0x00001615   0x14  Code  Gb  os_msg.o [1]
OS_MutexInit            0x00001635   0x12  Code  Gb  os_mutex.o [1]
OS_Pend                 0x00000501   0x6c  Code  Gb  os_core.o [1]
OS_PendDataInit         0x0000056d   0x34  Code  Gb  os_core.o [1]
OS_PendDbgNameAdd       0x000005a1   0x42  Code  Gb  os_core.o [1]
OS_PendDbgNameRemove    0x000005e3   0x1e  Code  Gb  os_core.o [1]
OS_PendListInsertPrio   0x00000601   0x6e  Code  Gb  os_core.o [1]
OS_PendListRemove       0x0000066f   0x28  Code  Gb  os_core.o [1]
OS_PendListRemove1      0x00000697   0x48  Code  Gb  os_core.o [1]
OS_Post                 0x000006df   0xc0  Code  Gb  os_core.o [1]
OS_Post1                0x0000079f   0x26  Code  Gb  os_core.o [1]
OS_PrioGetHighest       0x00000b45   0x20  Code  Gb  os_prio.o [1]
OS_PrioInit             0x00000b31   0x14  Code  Gb  os_prio.o [1]
OS_PrioInsert           0x00000b65   0x26  Code  Gb  os_prio.o [1]
OS_PrioRemove           0x00000b8b   0x28  Code  Gb  os_prio.o [1]
OS_QInit                0x00001651   0x12  Code  Gb  os_q.o [1]
OS_RdyListInit          0x000007c5   0x24  Code  Gb  os_core.o [1]
OS_RdyListInsert        0x000007ed   0x28  Code  Gb  os_core.o [1]
OS_RdyListInsertHead    0x00000815   0x3a  Code  Gb  os_core.o [1]
OS_RdyListInsertTail    0x0000084f   0x38  Code  Gb  os_core.o [1]
OS_RdyListRemove        0x00000887   0x5c  Code  Gb  os_core.o [1]
OS_SchedLockTimeMeasStart
                        0x000008e3   0x14  Code  Gb  os_core.o [1]
OS_SchedLockTimeMeasStop
                        0x000008f7   0x2e  Code  Gb  os_core.o [1]
OS_TaskBlock            0x00000985   0x3a  Code  Gb  os_core.o [1]
OS_TaskDbgListAdd       0x00000f2b   0x2c  Code  Gb  os_task.o [1]
OS_TaskDbgListRemove    0x00000f57   0x4a  Code  Gb  os_task.o [1]
OS_TaskInit             0x00000fa1   0x18  Code  Gb  os_task.o [1]
OS_TaskInitTCB          0x00000fb9   0xa8  Code  Gb  os_task.o [1]
OS_TaskRdy              0x000009bf   0x1a  Code  Gb  os_core.o [1]
OS_TaskReturn           0x00001061   0x14  Code  Gb  os_task.o [1]
OS_TaskSemPost          0x00001075   0xd4  Code  Gb  os_task.o [1]
OS_TickListInit         0x00001211   0x2a  Code  Gb  os_tick.o [1]
OS_TickListInsert       0x0000123b  0x11c  Code  Gb  os_tick.o [1]
OS_TickListRemove       0x00001357   0x42  Code  Gb  os_tick.o [1]
OS_TickListUpdate       0x00001399  0x198  Code  Gb  os_tick.o [1]
OS_TickTask             0x00001175   0x28  Code  Gb  os_tick.o [1]
OS_TickTaskInit         0x0000119d   0x74  Code  Gb  os_tick.o [1]
OS_TmrInit              0x0000166d   0xda  Code  Gb  os_tmr.o [1]
OS_TmrLink              0x00001747   0xd0  Code  Gb  os_tmr.o [1]
OS_TmrTask              0x00001865   0xaa  Code  Gb  os_tmr.o [1]
OS_TmrUnlink            0x00001817   0x4c  Code  Gb  os_tmr.o [1]
PWMGenConfigure         0x0000321d   0x28  Code  Gb  pwm.o [1]
PWMGenEnable            0x00003259    0xa  Code  Gb  pwm.o [1]
PWMGenPeriodSet         0x00003245   0x14  Code  Gb  pwm.o [1]
PWMOutputInvert         0x0000329f   0x16  Code  Gb  pwm.o [1]
PWMOutputState          0x00003289   0x16  Code  Gb  pwm.o [1]
PWMPulseWidthSet        0x00003263   0x26  Code  Gb  pwm.o [1]
Region$$Table$$Base     0x00003848          --   Gb  - Linker created -
Region$$Table$$Limit    0x0000386c          --   Gb  - Linker created -
Right_tgt               0x20001af3    0x1  Data  Gb  app.o [1]
RoboTurn                0x0000353b   0xc6  Code  Gb  app.o [1]
SysCtlClockGet          0x0000221f  0x200  Code  Gb  sysctl.o [1]
SysCtlClockSet          0x000020bd  0x162  Code  Gb  sysctl.o [1]
SysCtlDelay             0x000020b5    0x8  Code  Gb  sysctl.o [1]
SysCtlPWMClockSet       0x0000241f   0x10  Code  Gb  sysctl.o [1]
SysCtlPeripheralEnable  0x0000208d   0x26  Code  Gb  sysctl.o [1]
SysCtlPeripheralReset   0x0000202d   0x60  Code  Gb  sysctl.o [1]
__cmain                 0x0000388d         Code  Gb  cmain.o [5]
__exit                  0x000038bd   0x14  Code  Gb  exit.o [6]
__iar_copy_init3        0x00001c3b   0x2e  Code  Gb  copy_init3.o [5]
__iar_data_init3        0x00003821   0x28  Code  Gb  data_init.o [5]
__iar_program_start     0x00003971         Code  Gb  cstartup_M.o [5]
__iar_zero_init3        0x00001f63   0x22  Code  Gb  zero_init3.o [5]
__low_level_init        0x000038a7    0x4  Code  Gb  low_level_init.o [3]
__vector_table          0x00000000  0x11c  Data  Gb  app_vect.o [1]
_call_main              0x00003899         Code  Gb  cmain.o [5]
_exit                   0x000038b1         Code  Gb  cexit.o [5]
_main                   0x000038a3         Code  Gb  cmain.o [5]
exit                    0x000038ab    0x4  Code  Gb  exit.o [3]
g_pucRITInit            0x000036a8   0x50  Data  Lc  bsp_display.o [1]
g_pucRow1               0x0000397c    0x8  Data  Lc  bsp_display.o [1]
g_pucRow2               0x00003984    0x8  Data  Lc  bsp_display.o [1]
g_pulGPIOBaseAddrs      0x000036f8   0x48  Data  Lc  gpio.o [1]
g_pulRCGCRegs           0x00003958    0xc  Data  Lc  sysctl.o [1]
g_pulSRCRRegs           0x0000394c    0xc  Data  Lc  sysctl.o [1]
g_pulXtals              0x0000364c   0x5c  Data  Lc  sysctl.o [1]
g_ulDelay               0x20001a80    0x4  Data  Lc  bsp_display.o [1]
iMove                   0x20000000    0x4  Data  Gb  app.o [1]
main                    0x000032b5   0x4c  Code  Gb  app.o [1]


[1] = C:\Users\VijayaKumar\Desktop\Testing - Copy\test\cpe484_es6153\Micrium\Software\EvalBoards\TI\LM3S9B92-EVALBOT\IAR\uCOS-III-CE4053_PG\Flash\Obj
[2] = command line
[3] = dl7M_tlf.a
[4] = m7M_tl.a
[5] = rt7M_tl.a
[6] = shb_l.a

  13 742 bytes of readonly  code memory
   1 186 bytes of readonly  data memory
   7 932 bytes of readwrite data memory

Errors: none
Warnings: none
